../Drivers/CMSIS/Include/core_cm33.h:3212:26:ITM_SendChar	16	static,ignoring_inline_asm
../Core/Src/main.c:97:6:sendCapacitanceData	48	static
../Core/Src/main.c:130:6:process_channel	32	static
../Core/Src/main.c:150:5:main	168	static
../Core/Src/main.c:270:6:SystemClock_Config	128	static
../Core/Src/main.c:323:13:MX_GPDMA1_Init	16	static
../Core/Src/main.c:361:13:MX_I2C3_Init	8	static
../Core/Src/main.c:409:13:MX_TIM2_Init	72	static
../Core/Src/main.c:476:13:MX_TIM3_Init	72	static
../Core/Src/main.c:543:13:MX_TIM4_Init	72	static
../Core/Src/main.c:610:13:MX_TIM5_Init	72	static
../Core/Src/main.c:677:13:MX_TIM8_Init	72	static
../Core/Src/main.c:746:13:MX_TIM15_Init	72	static
../Core/Src/main.c:814:13:MX_USART1_UART_Init	8	static
../Core/Src/main.c:862:13:MX_GPIO_Init	48	static
../Core/Src/main.c:889:5:_write	32	static
../Core/Src/main.c:909:6:Error_Handler	8	static,ignoring_inline_asm
