Archive member included to satisfy reference by file (symbol)

C:/ST/STM32CubeIDE_1.17.0/STM32CubeIDE/plugins/com.st.stm32cube.ide.mcu.externaltools.gnu-tools-for-stm32.12.3.rel1.win32_1.1.0.202410251130/tools/bin/../lib/gcc/arm-none-eabi/12.3.1/../../../../arm-none-eabi/lib/thumb/v8-m.main+fp/hard\libc_nano.a(libc_a-exit.o)
                              C:/ST/STM32CubeIDE_1.17.0/STM32CubeIDE/plugins/com.st.stm32cube.ide.mcu.externaltools.gnu-tools-for-stm32.12.3.rel1.win32_1.1.0.202410251130/tools/bin/../lib/gcc/arm-none-eabi/12.3.1/../../../../arm-none-eabi/lib/thumb/v8-m.main+fp/hard/crt0.o (exit)
C:/ST/STM32CubeIDE_1.17.0/STM32CubeIDE/plugins/com.st.stm32cube.ide.mcu.externaltools.gnu-tools-for-stm32.12.3.rel1.win32_1.1.0.202410251130/tools/bin/../lib/gcc/arm-none-eabi/12.3.1/../../../../arm-none-eabi/lib/thumb/v8-m.main+fp/hard\libc_nano.a(libc_a-nano-vfprintf_float.o)
                              (_printf_float)
C:/ST/STM32CubeIDE_1.17.0/STM32CubeIDE/plugins/com.st.stm32cube.ide.mcu.externaltools.gnu-tools-for-stm32.12.3.rel1.win32_1.1.0.202410251130/tools/bin/../lib/gcc/arm-none-eabi/12.3.1/../../../../arm-none-eabi/lib/thumb/v8-m.main+fp/hard\libc_nano.a(libc_a-nano-vfprintf_i.o)
                              C:/ST/STM32CubeIDE_1.17.0/STM32CubeIDE/plugins/com.st.stm32cube.ide.mcu.externaltools.gnu-tools-for-stm32.12.3.rel1.win32_1.1.0.202410251130/tools/bin/../lib/gcc/arm-none-eabi/12.3.1/../../../../arm-none-eabi/lib/thumb/v8-m.main+fp/hard\libc_nano.a(libc_a-nano-vfprintf_float.o) (_printf_common)
C:/ST/STM32CubeIDE_1.17.0/STM32CubeIDE/plugins/com.st.stm32cube.ide.mcu.externaltools.gnu-tools-for-stm32.12.3.rel1.win32_1.1.0.202410251130/tools/bin/../lib/gcc/arm-none-eabi/12.3.1/../../../../arm-none-eabi/lib/thumb/v8-m.main+fp/hard\libc_nano.a(libc_a-nano-vfscanf_float.o)
                              (_scanf_float)
C:/ST/STM32CubeIDE_1.17.0/STM32CubeIDE/plugins/com.st.stm32cube.ide.mcu.externaltools.gnu-tools-for-stm32.12.3.rel1.win32_1.1.0.202410251130/tools/bin/../lib/gcc/arm-none-eabi/12.3.1/../../../../arm-none-eabi/lib/thumb/v8-m.main+fp/hard\libc_nano.a(libc_a-findfp.o)
                              C:/ST/STM32CubeIDE_1.17.0/STM32CubeIDE/plugins/com.st.stm32cube.ide.mcu.externaltools.gnu-tools-for-stm32.12.3.rel1.win32_1.1.0.202410251130/tools/bin/../lib/gcc/arm-none-eabi/12.3.1/../../../../arm-none-eabi/lib/thumb/v8-m.main+fp/hard\libc_nano.a(libc_a-exit.o) (__stdio_exit_handler)
C:/ST/STM32CubeIDE_1.17.0/STM32CubeIDE/plugins/com.st.stm32cube.ide.mcu.externaltools.gnu-tools-for-stm32.12.3.rel1.win32_1.1.0.202410251130/tools/bin/../lib/gcc/arm-none-eabi/12.3.1/../../../../arm-none-eabi/lib/thumb/v8-m.main+fp/hard\libc_nano.a(libc_a-fwalk.o)
                              C:/ST/STM32CubeIDE_1.17.0/STM32CubeIDE/plugins/com.st.stm32cube.ide.mcu.externaltools.gnu-tools-for-stm32.12.3.rel1.win32_1.1.0.202410251130/tools/bin/../lib/gcc/arm-none-eabi/12.3.1/../../../../arm-none-eabi/lib/thumb/v8-m.main+fp/hard\libc_nano.a(libc_a-findfp.o) (_fwalk_sglue)
C:/ST/STM32CubeIDE_1.17.0/STM32CubeIDE/plugins/com.st.stm32cube.ide.mcu.externaltools.gnu-tools-for-stm32.12.3.rel1.win32_1.1.0.202410251130/tools/bin/../lib/gcc/arm-none-eabi/12.3.1/../../../../arm-none-eabi/lib/thumb/v8-m.main+fp/hard\libc_nano.a(libc_a-printf.o)
                              ./Core/Src/main.o (printf)
C:/ST/STM32CubeIDE_1.17.0/STM32CubeIDE/plugins/com.st.stm32cube.ide.mcu.externaltools.gnu-tools-for-stm32.12.3.rel1.win32_1.1.0.202410251130/tools/bin/../lib/gcc/arm-none-eabi/12.3.1/../../../../arm-none-eabi/lib/thumb/v8-m.main+fp/hard\libc_nano.a(libc_a-sprintf.o)
                              C:/ST/STM32CubeIDE_1.17.0/STM32CubeIDE/plugins/com.st.stm32cube.ide.mcu.externaltools.gnu-tools-for-stm32.12.3.rel1.win32_1.1.0.202410251130/tools/bin/../lib/gcc/arm-none-eabi/12.3.1/../../../../arm-none-eabi/lib/thumb/v8-m.main+fp/hard\libc_nano.a(libc_a-nano-vfscanf_float.o) (sprintf)
C:/ST/STM32CubeIDE_1.17.0/STM32CubeIDE/plugins/com.st.stm32cube.ide.mcu.externaltools.gnu-tools-for-stm32.12.3.rel1.win32_1.1.0.202410251130/tools/bin/../lib/gcc/arm-none-eabi/12.3.1/../../../../arm-none-eabi/lib/thumb/v8-m.main+fp/hard\libc_nano.a(libc_a-stdio.o)
                              C:/ST/STM32CubeIDE_1.17.0/STM32CubeIDE/plugins/com.st.stm32cube.ide.mcu.externaltools.gnu-tools-for-stm32.12.3.rel1.win32_1.1.0.202410251130/tools/bin/../lib/gcc/arm-none-eabi/12.3.1/../../../../arm-none-eabi/lib/thumb/v8-m.main+fp/hard\libc_nano.a(libc_a-findfp.o) (__sread)
C:/ST/STM32CubeIDE_1.17.0/STM32CubeIDE/plugins/com.st.stm32cube.ide.mcu.externaltools.gnu-tools-for-stm32.12.3.rel1.win32_1.1.0.202410251130/tools/bin/../lib/gcc/arm-none-eabi/12.3.1/../../../../arm-none-eabi/lib/thumb/v8-m.main+fp/hard\libc_nano.a(libc_a-memset.o)
[...]
Memory Configuration

Name             Origin             Length             Attributes
RAM              0x20000000         0x00040000         xrw
SRAM4            0x28000000         0x00004000         xrw
FLASH            0x08000000         0x00080000         xr
*default*        0x00000000         0xffffffff

Linker script and memory map

LOAD C:/ST/STM32CubeIDE_1.17.0/STM32CubeIDE/plugins/com.st.stm32cube.ide.mcu.externaltools.gnu-tools-for-stm32.12.3.rel1.win32_1.1.0.202410251130/tools/bin/../lib/gcc/arm-none-eabi/12.3.1/thumb/v8-m.main+fp/hard/crti.o
LOAD C:/ST/STM32CubeIDE_1.17.0/STM32CubeIDE/plugins/com.st.stm32cube.ide.mcu.externaltools.gnu-tools-for-stm32.12.3.rel1.win32_1.1.0.202410251130/tools/bin/../lib/gcc/arm-none-eabi/12.3.1/thumb/v8-m.main+fp/hard/crtbegin.o
LOAD C:/ST/STM32CubeIDE_1.17.0/STM32CubeIDE/plugins/com.st.stm32cube.ide.mcu.externaltools.gnu-tools-for-stm32.12.3.rel1.win32_1.1.0.202410251130/tools/bin/../lib/gcc/arm-none-eabi/12.3.1/../../../../arm-none-eabi/lib/thumb/v8-m.main+fp/hard/crt0.o
LOAD ./Core/Src/main.o
LOAD ./Core/Src/stm32u5xx_hal_msp.o
LOAD ./Core/Src/stm32u5xx_it.o
LOAD ./Core/Src/syscalls.o
LOAD ./Core/Src/sysmem.o
LOAD ./Core/Src/system_stm32u5xx.o
LOAD ./Core/Startup/startup_stm32u545retxq.o
LOAD ./Drivers/BSP/STM32U5xx_Nucleo/stm32u5xx_nucleo.o
LOAD ./Drivers/STM32U5xx_HAL_Driver/Src/stm32u5xx_hal.o
LOAD ./Drivers/STM32U5xx_HAL_Driver/Src/stm32u5xx_hal_cortex.o
LOAD ./Drivers/STM32U5xx_HAL_Driver/Src/stm32u5xx_hal_dma.o
LOAD ./Drivers/STM32U5xx_HAL_Driver/Src/stm32u5xx_hal_dma_ex.o
LOAD ./Drivers/STM32U5xx_HAL_Driver/Src/stm32u5xx_hal_exti.o
LOAD ./Drivers/STM32U5xx_HAL_Driver/Src/stm32u5xx_hal_flash.o
LOAD ./Drivers/STM32U5xx_HAL_Driver/Src/stm32u5xx_hal_flash_ex.o
LOAD ./Drivers/STM32U5xx_HAL_Driver/Src/stm32u5xx_hal_gpio.o
LOAD ./Drivers/STM32U5xx_HAL_Driver/Src/stm32u5xx_hal_gtzc.o
LOAD ./Drivers/STM32U5xx_HAL_Driver/Src/stm32u5xx_hal_i2c.o
LOAD ./Drivers/STM32U5xx_HAL_Driver/Src/stm32u5xx_hal_i2c_ex.o
LOAD ./Drivers/STM32U5xx_HAL_Driver/Src/stm32u5xx_hal_icache.o
LOAD ./Drivers/STM32U5xx_HAL_Driver/Src/stm32u5xx_hal_pwr.o
LOAD ./Drivers/STM32U5xx_HAL_Driver/Src/stm32u5xx_hal_pwr_ex.o
LOAD ./Drivers/STM32U5xx_HAL_Driver/Src/stm32u5xx_hal_rcc.o
LOAD ./Drivers/STM32U5xx_HAL_Driver/Src/stm32u5xx_hal_rcc_ex.o
LOAD ./Drivers/STM32U5xx_HAL_Driver/Src/stm32u5xx_hal_tim.o
LOAD ./Drivers/STM32U5xx_HAL_Driver/Src/stm32u5xx_hal_tim_ex.o
LOAD ./Drivers/STM32U5xx_HAL_Driver/Src/stm32u5xx_hal_uart.o
LOAD ./Drivers/STM32U5xx_HAL_Driver/Src/stm32u5xx_hal_uart_ex.o
LOAD ./Drivers/STM32U5xx_HAL_Driver/Src/stm32u5xx_hal_usart.o
LOAD ./Drivers/STM32U5xx_HAL_Driver/Src/stm32u5xx_hal_usart_ex.o
START GROUP
LOAD C:/ST/STM32CubeIDE_1.17.0/STM32CubeIDE/plugins/com.st.stm32cube.ide.mcu.externaltools.gnu-tools-for-stm32.12.3.rel1.win32_1.1.0.202410251130/tools/bin/../lib/gcc/arm-none-eabi/12.3.1/../../../../arm-none-eabi/lib/thumb/v8-m.main+fp/hard\libc_nano.a
LOAD C:/ST/STM32CubeIDE_1.17.0/STM32CubeIDE/plugins/com.st.stm32cube.ide.mcu.externaltools.gnu-tools-for-stm32.12.3.rel1.win32_1.1.0.202410251130/tools/bin/../lib/gcc/arm-none-eabi/12.3.1/../../../../arm-none-eabi/lib/thumb/v8-m.main+fp/hard\libm.a
END GROUP
START GROUP
LOAD C:/ST/STM32CubeIDE_1.17.0/STM32CubeIDE/plugins/com.st.stm32cube.ide.mcu.externaltools.gnu-tools-for-stm32.12.3.rel1.win32_1.1.0.202410251130/tools/bin/../lib/gcc/arm-none-eabi/12.3.1/thumb/v8-m.main+fp/hard\libgcc.a
LOAD C:/ST/STM32CubeIDE_1.17.0/STM32CubeIDE/plugins/com.st.stm32cube.ide.mcu.externaltools.gnu-tools-for-stm32.12.3.rel1.win32_1.1.0.202410251130/tools/bin/../lib/gcc/arm-none-eabi/12.3.1/../../../../arm-none-eabi/lib/thumb/v8-m.main+fp/hard\libc_nano.a
END GROUP
START GROUP
LOAD C:/ST/STM32CubeIDE_1.17.0/STM32CubeIDE/plugins/com.st.stm32cube.ide.mcu.externaltools.gnu-tools-for-stm32.12.3.rel1.win32_1.1.0.202410251130/tools/bin/../lib/gcc/arm-none-eabi/12.3.1/thumb/v8-m.main+fp/hard\libgcc.a
LOAD C:/ST/STM32CubeIDE_1.17.0/STM32CubeIDE/plugins/com.st.stm32cube.ide.mcu.externaltools.gnu-tools-for-stm32.12.3.rel1.win32_1.1.0.202410251130/tools/bin/../lib/gcc/arm-none-eabi/12.3.1/../../../../arm-none-eabi/lib/thumb/v8-m.main+fp/hard\libc_nano.a
LOAD C:/ST/STM32CubeIDE_1.17.0/STM32CubeIDE/plugins/com.st.stm32cube.ide.mcu.externaltools.gnu-tools-for-stm32.12.3.rel1.win32_1.1.0.202410251130/tools/bin/../lib/gcc/arm-none-eabi/12.3.1/../../../../arm-none-eabi/lib/thumb/v8-m.main+fp/hard\libnosys.a
END GROUP
START GROUP
LOAD C:/ST/STM32CubeIDE_1.17.0/STM32CubeIDE/plugins/com.st.stm32cube.ide.mcu.externaltools.gnu-tools-for-stm32.12.3.rel1.win32_1.1.0.202410251130/tools/bin/../lib/gcc/arm-none-eabi/12.3.1/thumb/v8-m.main+fp/hard\libgcc.a
LOAD C:/ST/STM32CubeIDE_1.17.0/STM32CubeIDE/plugins/com.st.stm32cube.ide.mcu.externaltools.gnu-tools-for-stm32.12.3.rel1.win32_1.1.0.202410251130/tools/bin/../lib/gcc/arm-none-eabi/12.3.1/../../../../arm-none-eabi/lib/thumb/v8-m.main+fp/hard\libc_nano.a
LOAD C:/ST/STM32CubeIDE_1.17.0/STM32CubeIDE/plugins/com.st.stm32cube.ide.mcu.externaltools.gnu-tools-for-stm32.12.3.rel1.win32_1.1.0.202410251130/tools/bin/../lib/gcc/arm-none-eabi/12.3.1/../../../../arm-none-eabi/lib/thumb/v8-m.main+fp/hard\libnosys.a
END GROUP
LOAD C:/ST/STM32CubeIDE_1.17.0/STM32CubeIDE/plugins/com.st.stm32cube.ide.mcu.externaltools.gnu-tools-for-stm32.12.3.rel1.win32_1.1.0.202410251130/tools/bin/../lib/gcc/arm-none-eabi/12.3.1/thumb/v8-m.main+fp/hard/crtend.o
LOAD C:/ST/STM32CubeIDE_1.17.0/STM32CubeIDE/plugins/com.st.stm32cube.ide.mcu.externaltools.gnu-tools-for-stm32.12.3.rel1.win32_1.1.0.202410251130/tools/bin/../lib/gcc/arm-none-eabi/12.3.1/thumb/v8-m.main+fp/hard/crtn.o
                0x20040000                        _estack = (ORIGIN (RAM) + LENGTH (RAM))
                0x00000200                        _Min_Heap_Size = 0x200
                0x00000400                        _Min_Stack_Size = 0x400

.isr_vector     0x08000000      0x238
 *(.isr_vector)
 .isr_vector    0x08000000      0x238 ./Core/Startup/startup_stm32u545retxq.o
                0x08000000                g_pfnVectors

.text           0x08000238     0xdd24
 *(.text)
 .text          0x08000238       0x40 C:/ST/STM32CubeIDE_1.17.0/STM32CubeIDE/plugins/com.st.stm32cube.ide.mcu.externaltools.gnu-tools-for-stm32.12.3.rel1.win32_1.1.0.202410251130/tools/bin/../lib/gcc/arm-none-eabi/12.3.1/thumb/v8-m.main+fp/hard/crtbegin.o
 .text          0x08000278       0x10 C:/ST/STM32CubeIDE_1.17.0/STM32CubeIDE/plugins/com.st.stm32cube.ide.mcu.externaltools.gnu-tools-for-stm32.12.3.rel1.win32_1.1.0.202410251130/tools/bin/../lib/gcc/arm-none-eabi/12.3.1/../../../../arm-none-eabi/lib/thumb/v8-m.main+fp/hard\libc_nano.a(libc_a-strlen.o)
                0x08000278                strlen
 .text          0x08000288      0x378 C:/ST/STM32CubeIDE_1.17.0/STM32CubeIDE/plugins/com.st.stm32cube.ide.mcu.externaltools.gnu-tools-for-stm32.12.3.rel1.win32_1.1.0.202410251130/tools/bin/../lib/gcc/arm-none-eabi/12.3.1/thumb/v8-m.main+fp/hard\libgcc.a(_arm_addsubdf3.o)
                0x08000288                __aeabi_drsub
                0x08000290                __aeabi_dsub
                0x08000290                __subdf3
                0x08000294                __aeabi_dadd
                0x08000294                __adddf3
                0x0800050c                __floatunsidf
                0x0800050c                __aeabi_ui2d
                0x0800052c                __floatsidf
                0x0800052c                __aeabi_i2d
                0x08000550                __aeabi_f2d
                0x08000550                __extendsfdf2
                0x08000594                __floatundidf
                0x08000594                __aeabi_ul2d
                0x080005a4                __floatdidf
                0x080005a4                __aeabi_l2d
 .text          0x08000600      0x424 C:/ST/STM32CubeIDE_1.17.0/STM32CubeIDE/plugins/com.st.stm32cube.ide.mcu.externaltools.gnu-tools-for-stm32.12.3.rel1.win32_1.1.0.202410251130/tools/bin/../lib/gcc/arm-none-eabi/12.3.1/thumb/v8-m.main+fp/hard\libgcc.a(_arm_muldivdf3.o)
                0x08000600                __aeabi_dmul
                0x08000600                __muldf3
                0x08000854                __divdf3
                0x08000854                __aeabi_ddiv
 .text          0x08000a24      0x110 C:/ST/STM32CubeIDE_1.17.0/STM32CubeIDE/plugins/com.st.stm32cube.ide.mcu.externaltools.gnu-tools-for-stm32.12.3.rel1.win32_1.1.0.202410251130/tools/bin/../lib/gcc/arm-none-eabi/12.3.1/thumb/v8-m.main+fp/hard\libgcc.a(_arm_cmpdf2.o)
                0x08000a24                __gtdf2
                0x08000a24                __gedf2
                0x08000a2c                __ltdf2
                0x08000a2c                __ledf2
                0x08000a34                __nedf2
                0x08000a34                __eqdf2
                0x08000a34                __cmpdf2
                0x08000ab0                __aeabi_cdrcmple
                0x08000ac0                __aeabi_cdcmpeq
                0x08000ac0                __aeabi_cdcmple
                0x08000ad0                __aeabi_dcmpeq
                0x08000ae4                __aeabi_dcmplt
                0x08000af8                __aeabi_dcmple
                0x08000b0c                __aeabi_dcmpge
                0x08000b20                __aeabi_dcmpgt
 .text          0x08000b34       0x2c C:/ST/STM32CubeIDE_1.17.0/STM32CubeIDE/plugins/com.st.stm32cube.ide.mcu.externaltools.gnu-tools-for-stm32.12.3.rel1.win32_1.1.0.202410251130/tools/bin/../lib/gcc/arm-none-eabi/12.3.1/thumb/v8-m.main+fp/hard\libgcc.a(_arm_unorddf2.o)
                0x08000b34                __unorddf2
                0x08000b34                __aeabi_dcmpun
 .text          0x08000b60       0x50 C:/ST/STM32CubeIDE_1.17.0/STM32CubeIDE/plugins/com.st.stm32cube.ide.mcu.externaltools.gnu-tools-for-stm32.12.3.rel1.win32_1.1.0.202410251130/tools/bin/../lib/gcc/arm-none-eabi/12.3.1/thumb/v8-m.main+fp/hard\libgcc.a(_arm_fixdfsi.o)
                0x08000b60                __aeabi_d2iz
                0x08000b60                __fixdfsi
 .text          0x08000bb0       0x40 C:/ST/STM32CubeIDE_1.17.0/STM32CubeIDE/plugins/com.st.stm32cube.ide.mcu.externaltools.gnu-tools-for-stm32.12.3.rel1.win32_1.1.0.202410251130/tools/bin/../lib/gcc/arm-none-eabi/12.3.1/thumb/v8-m.main+fp/hard\libgcc.a(_arm_fixunsdfsi.o)
                0x08000bb0                __aeabi_d2uiz
                0x08000bb0                __fixunsdfsi
 .text          0x08000bf0       0xa0 C:/ST/STM32CubeIDE_1.17.0/STM32CubeIDE/plugins/com.st.stm32cube.ide.mcu.externaltools.gnu-tools-for-stm32.12.3.rel1.win32_1.1.0.202410251130/tools/bin/../lib/gcc/arm-none-eabi/12.3.1/thumb/v8-m.main+fp/hard\libgcc.a(_arm_truncdfsf2.o)
                0x08000bf0                __truncdfsf2
                0x08000bf0                __aeabi_d2f
 .text          0x08000c90       0x30 C:/ST/STM32CubeIDE_1.17.0/STM32CubeIDE/plugins/com.st.stm32cube.ide.mcu.externaltools.gnu-tools-for-stm32.12.3.rel1.win32_1.1.0.202410251130/tools/bin/../lib/gcc/arm-none-eabi/12.3.1/thumb/v8-m.main+fp/hard\libgcc.a(_aeabi_uldivmod.o)
                0x08000c90                __aeabi_uldivmod
 .text          0x08000cc0       0x30 C:/ST/STM32CubeIDE_1.17.0/STM32CubeIDE/plugins/com.st.stm32cube.ide.mcu.externaltools.gnu-tools-for-stm32.12.3.rel1.win32_1.1.0.202410251130/tools/bin/../lib/gcc/arm-none-eabi/12.3.1/thumb/v8-m.main+fp/hard\libgcc.a(_fixdfdi.o)
                0x08000cc0                __fixdfdi
                0x08000cc0                __aeabi_d2lz
 .text          0x08000cf0       0x3c C:/ST/STM32CubeIDE_1.17.0/STM32CubeIDE/plugins/com.st.stm32cube.ide.mcu.externaltools.gnu-tools-for-stm32.12.3.rel1.win32_1.1.0.202410251130/tools/bin/../lib/gcc/arm-none-eabi/12.3.1/thumb/v8-m.main+fp/hard\libgcc.a(_fixunsdfdi.o)
                0x08000cf0                __fixunsdfdi
                0x08000cf0                __aeabi_d2ulz
 .text          0x08000d2c      0x2e4 C:/ST/STM32CubeIDE_1.17.0/STM32CubeIDE/plugins/com.st.stm32cube.ide.mcu.externaltools.gnu-tools-for-stm32.12.3.rel1.win32_1.1.0.202410251130/tools/bin/../lib/gcc/arm-none-eabi/12.3.1/thumb/v8-m.main+fp/hard\libgcc.a(_udivmoddi4.o)
                0x08000d2c                __udivmoddi4
 .text          0x08001010        0x4 C:/ST/STM32CubeIDE_1.17.0/STM32CubeIDE/plugins/com.st.stm32cube.ide.mcu.externaltools.gnu-tools-for-stm32.12.3.rel1.win32_1.1.0.202410251130/tools/bin/../lib/gcc/arm-none-eabi/12.3.1/thumb/v8-m.main+fp/hard\libgcc.a(_dvmd_tls.o)
                0x08001010                __aeabi_idiv0
                0x08001010                __aeabi_ldiv0
 *(.text*)
 *fill*         0x08001014        0x4 
 .text.main     0x08001018      0x130 ./Core/Src/main.o
                0x08001018                main
 .text.SystemClock_Config
                0x08001148       0xb4 ./Core/Src/main.o
                0x08001148                SystemClock_Config
 .text.SystemPower_Config
                0x080011fc       0x18 ./Core/Src/main.o
 .text.MX_GPDMA1_Init
                0x08001214       0x40 ./Core/Src/main.o
 .text.MX_ICACHE_Init
                0x08001254       0x26 ./Core/Src/main.o
 *fill*         0x0800127a        0x2 
 .text.MX_TIM1_Init
                0x0800127c      0x160 ./Core/Src/main.o
 .text.MX_TIM2_Init
                0x080013dc      0x118 ./Core/Src/main.o
 .text.MX_GPIO_Init
                0x080014f4       0xac ./Core/Src/main.o
 .text.Error_Handler
                0x080015a0        0xc ./Core/Src/main.o
                0x080015a0                Error_Handler
 .text.HAL_MspInit
                0x080015ac       0x34 ./Core/Src/stm32u5xx_hal_msp.o
                0x080015ac                HAL_MspInit
 .text.HAL_TIM_Base_MspInit
                0x080015e0      0x1bc ./Core/Src/stm32u5xx_hal_msp.o
                0x080015e0                HAL_TIM_Base_MspInit
 .text.HAL_TIM_MspPostInit
                0x0800179c       0x78 ./Core/Src/stm32u5xx_hal_msp.o
                0x0800179c                HAL_TIM_MspPostInit
 .text.NMI_Handler
                0x08001814        0x8 ./Core/Src/stm32u5xx_it.o
                0x08001814                NMI_Handler
 .text.HardFault_Handler
                0x0800181c        0x8 ./Core/Src/stm32u5xx_it.o
                0x0800181c                HardFault_Handler
 .text.MemManage_Handler
                0x08001824        0x8 ./Core/Src/stm32u5xx_it.o
                0x08001824                MemManage_Handler
 .text.BusFault_Handler
                0x0800182c        0x8 ./Core/Src/stm32u5xx_it.o
                0x0800182c                BusFault_Handler
 .text.UsageFault_Handler
                0x08001834        0x8 ./Core/Src/stm32u5xx_it.o
                0x08001834                UsageFault_Handler
 .text.SVC_Handler
                0x0800183c        0xe ./Core/Src/stm32u5xx_it.o
                0x0800183c                SVC_Handler
 .text.DebugMon_Handler
                0x0800184a        0xe ./Core/Src/stm32u5xx_it.o
                0x0800184a                DebugMon_Handler
 .text.PendSV_Handler
                0x08001858        0xe ./Core/Src/stm32u5xx_it.o
                0x08001858                PendSV_Handler
 .text.SysTick_Handler
                0x08001866        0xc ./Core/Src/stm32u5xx_it.o
                0x08001866                SysTick_Handler
 *fill*         0x08001872        0x2 
 .text.GPDMA1_Channel0_IRQHandler
                0x08001874       0x14 ./Core/Src/stm32u5xx_it.o
                0x08001874                GPDMA1_Channel0_IRQHandler
 .text._getpid  0x08001888       0x10 ./Core/Src/syscalls.o
                0x08001888                _getpid
 .text._kill    0x08001898       0x20 ./Core/Src/syscalls.o
                0x08001898                _kill
 .text._exit    0x080018b8       0x16 ./Core/Src/syscalls.o
                0x080018b8                _exit
 .text._read    0x080018ce       0x3a ./Core/Src/syscalls.o
                0x080018ce                _read
 .text._write   0x08001908       0x38 ./Core/Src/syscalls.o
                0x08001908                _write
 .text._close   0x08001940       0x18 ./Core/Src/syscalls.o
                0x08001940                _close
 .text._fstat   0x08001958       0x20 ./Core/Src/syscalls.o
                0x08001958                _fstat
 .text._isatty  0x08001978       0x16 ./Core/Src/syscalls.o
                0x08001978                _isatty
 .text._lseek   0x0800198e       0x1a ./Core/Src/syscalls.o
                0x0800198e                _lseek
 .text._sbrk    0x080019a8       0x6c ./Core/Src/sysmem.o
                0x080019a8                _sbrk
 .text.SystemInit
                0x08001a14       0x70 ./Core/Src/system_stm32u5xx.o
                0x08001a14                SystemInit
 .text.Reset_Handler
                0x08001a84       0x50 ./Core/Startup/startup_stm32u545retxq.o
                0x08001a84                Reset_Handler
 .text.Default_Handler
                0x08001ad4        0x2 ./Core/Startup/startup_stm32u545retxq.o
                0x08001ad4                EXTI2_IRQHandler
                0x08001ad4                TIM8_TRG_COM_IRQHandler
                0x08001ad4                TIM8_CC_IRQHandler
                0x08001ad4                EXTI5_IRQHandler
                0x08001ad4                FLASH_S_IRQHandler
                0x08001ad4                EXTI13_IRQHandler
                0x08001ad4                TIM1_CC_IRQHandler
                0x08001ad4                TSC_IRQHandler
                0x08001ad4                TAMP_IRQHandler
                0x08001ad4                TIM6_IRQHandler
                0x08001ad4                EXTI12_IRQHandler
                0x08001ad4                CORDIC_IRQHandler
                0x08001ad4                EXTI3_IRQHandler
                0x08001ad4                LPTIM4_IRQHandler
                0x08001ad4                GPDMA1_Channel5_IRQHandler
                0x08001ad4                EXTI8_IRQHandler
                0x08001ad4                LPTIM2_IRQHandler
                0x08001ad4                I2C3_ER_IRQHandler
                0x08001ad4                PWR_S3WU_IRQHandler
                0x08001ad4                LPDMA1_Channel3_IRQHandler
                0x08001ad4                LPTIM3_IRQHandler
                0x08001ad4                EXTI0_IRQHandler
                0x08001ad4                I2C2_EV_IRQHandler
                0x08001ad4                FPU_IRQHandler
                0x08001ad4                GPDMA1_Channel3_IRQHandler
                0x08001ad4                GPDMA1_Channel7_IRQHandler
                0x08001ad4                FDCAN1_IT1_IRQHandler
                0x08001ad4                RAMCFG_IRQHandler
                0x08001ad4                GPDMA1_Channel9_IRQHandler
                0x08001ad4                DCACHE1_IRQHandler
                0x08001ad4                SPI1_IRQHandler
                0x08001ad4                OCTOSPI1_IRQHandler
                0x08001ad4                GPDMA1_Channel2_IRQHandler
                0x08001ad4                TIM8_UP_IRQHandler
                0x08001ad4                RCC_S_IRQHandler
                0x08001ad4                MDF1_FLT1_IRQHandler
                0x08001ad4                ADC1_IRQHandler
                0x08001ad4                PKA_IRQHandler
                0x08001ad4                EXTI15_IRQHandler
                0x08001ad4                TIM17_IRQHandler
                0x08001ad4                USART3_IRQHandler
                0x08001ad4                RTC_IRQHandler
                0x08001ad4                EXTI9_IRQHandler
                0x08001ad4                UART5_IRQHandler
                0x08001ad4                TIM4_IRQHandler
                0x08001ad4                I2C1_EV_IRQHandler
                0x08001ad4                GPDMA1_Channel12_IRQHandler
                0x08001ad4                GPDMA1_Channel1_IRQHandler
                0x08001ad4                TIM16_IRQHandler
                0x08001ad4                GPDMA1_Channel15_IRQHandler
                0x08001ad4                UART4_IRQHandler
                0x08001ad4                SecureFault_Handler
                0x08001ad4                TIM3_IRQHandler
                0x08001ad4                RCC_IRQHandler
                0x08001ad4                TIM1_TRG_COM_IRQHandler
                0x08001ad4                Default_Handler
                0x08001ad4                GPDMA1_Channel8_IRQHandler
                0x08001ad4                FMAC_IRQHandler
                0x08001ad4                OTFDEC1_IRQHandler
                0x08001ad4                GPDMA1_Channel11_IRQHandler
                0x08001ad4                TIM7_IRQHandler
                0x08001ad4                SDMMC1_IRQHandler
                0x08001ad4                SAES_IRQHandler
                0x08001ad4                TIM5_IRQHandler
                0x08001ad4                TIM15_IRQHandler
                0x08001ad4                I2C3_EV_IRQHandler
                0x08001ad4                USB_IRQHandler
                0x08001ad4                LPDMA1_Channel0_IRQHandler
                0x08001ad4                PVD_PVM_IRQHandler
                0x08001ad4                SPI2_IRQHandler
                0x08001ad4                LPDMA1_Channel1_IRQHandler
                0x08001ad4                EXTI14_IRQHandler
                0x08001ad4                EXTI11_IRQHandler
                0x08001ad4                CRS_IRQHandler
                0x08001ad4                GPDMA1_Channel14_IRQHandler
                0x08001ad4                LSECSSD_IRQHandler
                0x08001ad4                EXTI4_IRQHandler
                0x08001ad4                RTC_S_IRQHandler
                0x08001ad4                GPDMA1_Channel13_IRQHandler
                0x08001ad4                RNG_IRQHandler
                0x08001ad4                COMP_IRQHandler
                0x08001ad4                TIM1_UP_IRQHandler
                0x08001ad4                ADC4_IRQHandler
                0x08001ad4                WWDG_IRQHandler
                0x08001ad4                I2C4_EV_IRQHandler
                0x08001ad4                ADF1_IRQHandler
                0x08001ad4                IWDG_IRQHandler
                0x08001ad4                LPUART1_IRQHandler
                0x08001ad4                MDF1_FLT0_IRQHandler
                0x08001ad4                FDCAN1_IT0_IRQHandler
                0x08001ad4                TIM2_IRQHandler
                0x08001ad4                GPDMA1_Channel4_IRQHandler
                0x08001ad4                EXTI7_IRQHandler
                0x08001ad4                TIM1_BRK_IRQHandler
                0x08001ad4                EXTI1_IRQHandler
                0x08001ad4                AES_IRQHandler
                0x08001ad4                DAC1_IRQHandler
                0x08001ad4                GTZC_IRQHandler
                0x08001ad4                GPDMA1_Channel6_IRQHandler
                0x08001ad4                I2C2_ER_IRQHandler
                0x08001ad4                TIM8_BRK_IRQHandler
                0x08001ad4                FLASH_IRQHandler
                0x08001ad4                USART1_IRQHandler
                0x08001ad4                EXTI10_IRQHandler
                0x08001ad4                SPI3_IRQHandler
                0x08001ad4                LPDMA1_Channel2_IRQHandler
                0x08001ad4                I2C1_ER_IRQHandler
                0x08001ad4                EXTI6_IRQHandler
                0x08001ad4                LPTIM1_IRQHandler
                0x08001ad4                DCMI_PSSI_IRQHandler
                0x08001ad4                I2C4_ER_IRQHandler
                0x08001ad4                GPDMA1_Channel10_IRQHandler
                0x08001ad4                ICACHE_IRQHandler
                0x08001ad4                SAI1_IRQHandler
                0x08001ad4                HASH_IRQHandler
 *fill*         0x08001ad6        0x2 
 .text.BSP_COM_Init
                0x08001ad8       0x60 ./Drivers/BSP/STM32U5xx_Nucleo/stm32u5xx_nucleo.o
                0x08001ad8                BSP_COM_Init
 .text.MX_USART1_Init
                0x08001b38       0x68 ./Drivers/BSP/STM32U5xx_Nucleo/stm32u5xx_nucleo.o
                0x08001b38                MX_USART1_Init
 .text.__io_putchar
                0x08001ba0       0x38 ./Drivers/BSP/STM32U5xx_Nucleo/stm32u5xx_nucleo.o
                0x08001ba0                __io_putchar
 .text.COM1_MspInit
                0x08001bd8       0xb0 ./Drivers/BSP/STM32U5xx_Nucleo/stm32u5xx_nucleo.o
 .text.HAL_Init
                0x08001c88       0x60 ./Drivers/STM32U5xx_HAL_Driver/Src/stm32u5xx_hal.o
                0x08001c88                HAL_Init
 .text.HAL_InitTick
                0x08001ce8       0xec ./Drivers/STM32U5xx_HAL_Driver/Src/stm32u5xx_hal.o
                0x08001ce8                HAL_InitTick
 .text.HAL_IncTick
                0x08001dd4       0x28 ./Drivers/STM32U5xx_HAL_Driver/Src/stm32u5xx_hal.o
                0x08001dd4                HAL_IncTick
 .text.HAL_GetTick
                0x08001dfc       0x18 ./Drivers/STM32U5xx_HAL_Driver/Src/stm32u5xx_hal.o
                0x08001dfc                HAL_GetTick
 .text.HAL_Delay
                0x08001e14       0x48 ./Drivers/STM32U5xx_HAL_Driver/Src/stm32u5xx_hal.o
                0x08001e14                HAL_Delay
 .text.__NVIC_SetPriorityGrouping
                0x08001e5c       0x48 ./Drivers/STM32U5xx_HAL_Driver/Src/stm32u5xx_hal_cortex.o
 .text.__NVIC_GetPriorityGrouping
                0x08001ea4       0x1c ./Drivers/STM32U5xx_HAL_Driver/Src/stm32u5xx_hal_cortex.o
 .text.__NVIC_EnableIRQ
                0x08001ec0       0x3c ./Drivers/STM32U5xx_HAL_Driver/Src/stm32u5xx_hal_cortex.o
 .text.__NVIC_SetPriority
                0x08001efc       0x54 ./Drivers/STM32U5xx_HAL_Driver/Src/stm32u5xx_hal_cortex.o
 .text.NVIC_EncodePriority
                0x08001f50       0x66 ./Drivers/STM32U5xx_HAL_Driver/Src/stm32u5xx_hal_cortex.o
 .text.HAL_NVIC_SetPriorityGrouping
                0x08001fb6       0x16 ./Drivers/STM32U5xx_HAL_Driver/Src/stm32u5xx_hal_cortex.o
                0x08001fb6                HAL_NVIC_SetPriorityGrouping
 .text.HAL_NVIC_SetPriority
                0x08001fcc       0x34 ./Drivers/STM32U5xx_HAL_Driver/Src/stm32u5xx_hal_cortex.o
                0x08001fcc                HAL_NVIC_SetPriority
 .text.HAL_NVIC_EnableIRQ
                0x08002000       0x1c ./Drivers/STM32U5xx_HAL_Driver/Src/stm32u5xx_hal_cortex.o
                0x08002000                HAL_NVIC_EnableIRQ
 .text.HAL_SYSTICK_Config
                0x0800201c       0x44 ./Drivers/STM32U5xx_HAL_Driver/Src/stm32u5xx_hal_cortex.o
                0x0800201c                HAL_SYSTICK_Config
 .text.HAL_SYSTICK_CLKSourceConfig
                0x08002060       0xb0 ./Drivers/STM32U5xx_HAL_Driver/Src/stm32u5xx_hal_cortex.o
                0x08002060                HAL_SYSTICK_CLKSourceConfig
 .text.HAL_SYSTICK_GetCLKSourceConfig
                0x08002110       0x74 ./Drivers/STM32U5xx_HAL_Driver/Src/stm32u5xx_hal_cortex.o
                0x08002110                HAL_SYSTICK_GetCLKSourceConfig
 .text.HAL_DMA_Start_IT
                0x08002184       0xc0 ./Drivers/STM32U5xx_HAL_Driver/Src/stm32u5xx_hal_dma.o
                0x08002184                HAL_DMA_Start_IT
 .text.HAL_DMA_IRQHandler
                0x08002244      0x2c2 ./Drivers/STM32U5xx_HAL_Driver/Src/stm32u5xx_hal_dma.o
                0x08002244                HAL_DMA_IRQHandler
 .text.HAL_DMA_ConfigChannelAttributes
                0x08002506       0x78 ./Drivers/STM32U5xx_HAL_Driver/Src/stm32u5xx_hal_dma.o
                0x08002506                HAL_DMA_ConfigChannelAttributes
 .text.DMA_SetConfig
                0x0800257e       0x4a ./Drivers/STM32U5xx_HAL_Driver/Src/stm32u5xx_hal_dma.o
 .text.HAL_DMAEx_List_Init
                0x080025c8      0x258 ./Drivers/STM32U5xx_HAL_Driver/Src/stm32u5xx_hal_dma_ex.o
                0x080025c8                HAL_DMAEx_List_Init
 .text.HAL_DMAEx_List_Start_IT
                0x08002820      0x128 ./Drivers/STM32U5xx_HAL_Driver/Src/stm32u5xx_hal_dma_ex.o
                0x08002820                HAL_DMAEx_List_Start_IT
 .text.HAL_DMAEx_List_BuildNode
                0x08002948       0x2c ./Drivers/STM32U5xx_HAL_Driver/Src/stm32u5xx_hal_dma_ex.o
                0x08002948                HAL_DMAEx_List_BuildNode
 .text.HAL_DMAEx_List_InsertNode
                0x08002974      0x192 ./Drivers/STM32U5xx_HAL_Driver/Src/stm32u5xx_hal_dma_ex.o
                0x08002974                HAL_DMAEx_List_InsertNode
 .text.HAL_DMAEx_List_SetCircularMode
                0x08002b06       0xc0 ./Drivers/STM32U5xx_HAL_Driver/Src/stm32u5xx_hal_dma_ex.o
                0x08002b06                HAL_DMAEx_List_SetCircularMode
 *fill*         0x08002bc6        0x2 
 .text.HAL_DMAEx_List_LinkQ
                0x08002bc8      0x12c ./Drivers/STM32U5xx_HAL_Driver/Src/stm32u5xx_hal_dma_ex.o
                0x08002bc8                HAL_DMAEx_List_LinkQ
 .text.DMA_List_Init
                0x08002cf4      0x2b0 ./Drivers/STM32U5xx_HAL_Driver/Src/stm32u5xx_hal_dma_ex.o
 .text.DMA_List_BuildNode
                0x08002fa4      0x2b0 ./Drivers/STM32U5xx_HAL_Driver/Src/stm32u5xx_hal_dma_ex.o
 .text.DMA_List_CheckNodesBaseAddresses
                0x08003254       0x60 ./Drivers/STM32U5xx_HAL_Driver/Src/stm32u5xx_hal_dma_ex.o
 .text.DMA_List_CheckNodesTypes
                0x080032b4       0x78 ./Drivers/STM32U5xx_HAL_Driver/Src/stm32u5xx_hal_dma_ex.o
 .text.DMA_List_GetCLLRNodeInfo
                0x0800332c       0x60 ./Drivers/STM32U5xx_HAL_Driver/Src/stm32u5xx_hal_dma_ex.o
 .text.DMA_List_FindNode
                0x0800338c      0x13e ./Drivers/STM32U5xx_HAL_Driver/Src/stm32u5xx_hal_dma_ex.o
 *fill*         0x080034ca        0x2 
 .text.HAL_GPIO_Init
                0x080034cc      0x3b0 ./Drivers/STM32U5xx_HAL_Driver/Src/stm32u5xx_hal_gpio.o
                0x080034cc                HAL_GPIO_Init
 .text.HAL_GPIO_WritePin
                0x0800387c       0x30 ./Drivers/STM32U5xx_HAL_Driver/Src/stm32u5xx_hal_gpio.o
                0x0800387c                HAL_GPIO_WritePin
 .text.HAL_ICACHE_ConfigAssociativityMode
                0x080038ac       0x40 ./Drivers/STM32U5xx_HAL_Driver/Src/stm32u5xx_hal_icache.o
                0x080038ac                HAL_ICACHE_ConfigAssociativityMode
 .text.HAL_ICACHE_Enable
                0x080038ec       0x20 ./Drivers/STM32U5xx_HAL_Driver/Src/stm32u5xx_hal_icache.o
                0x080038ec                HAL_ICACHE_Enable
 .text.HAL_PWREx_ControlVoltageScaling
                0x0800390c       0xfc ./Drivers/STM32U5xx_HAL_Driver/Src/stm32u5xx_hal_pwr_ex.o
                0x0800390c                HAL_PWREx_ControlVoltageScaling
 .text.HAL_PWREx_GetVoltageRange
                0x08003a08       0x1c ./Drivers/STM32U5xx_HAL_Driver/Src/stm32u5xx_hal_pwr_ex.o
                0x08003a08                HAL_PWREx_GetVoltageRange
 .text.HAL_PWREx_ConfigSupply
                0x08003a24       0xa0 ./Drivers/STM32U5xx_HAL_Driver/Src/stm32u5xx_hal_pwr_ex.o
                0x08003a24                HAL_PWREx_ConfigSupply
 .text.HAL_RCC_OscConfig
                0x08003ac4      0xdb8 ./Drivers/STM32U5xx_HAL_Driver/Src/stm32u5xx_hal_rcc.o
                0x08003ac4                HAL_RCC_OscConfig
 .text.HAL_RCC_ClockConfig
                0x0800487c      0x3e4 ./Drivers/STM32U5xx_HAL_Driver/Src/stm32u5xx_hal_rcc.o
                0x0800487c                HAL_RCC_ClockConfig
 .text.HAL_RCC_GetSysClockFreq
                0x08004c60      0x204 ./Drivers/STM32U5xx_HAL_Driver/Src/stm32u5xx_hal_rcc.o
                0x08004c60                HAL_RCC_GetSysClockFreq
 .text.HAL_RCC_GetHCLKFreq
                0x08004e64       0x34 ./Drivers/STM32U5xx_HAL_Driver/Src/stm32u5xx_hal_rcc.o
                0x08004e64                HAL_RCC_GetHCLKFreq
 .text.HAL_RCC_GetPCLK1Freq
                0x08004e98       0x28 ./Drivers/STM32U5xx_HAL_Driver/Src/stm32u5xx_hal_rcc.o
                0x08004e98                HAL_RCC_GetPCLK1Freq
 .text.HAL_RCC_GetPCLK2Freq
                0x08004ec0       0x28 ./Drivers/STM32U5xx_HAL_Driver/Src/stm32u5xx_hal_rcc.o
                0x08004ec0                HAL_RCC_GetPCLK2Freq
 .text.HAL_RCC_GetPCLK3Freq
                0x08004ee8       0x28 ./Drivers/STM32U5xx_HAL_Driver/Src/stm32u5xx_hal_rcc.o
                0x08004ee8                HAL_RCC_GetPCLK3Freq
 .text.RCC_SetFlashLatencyFromMSIRange
                0x08004f10      0x10c ./Drivers/STM32U5xx_HAL_Driver/Src/stm32u5xx_hal_rcc.o
 .text.HAL_RCCEx_GetPLL1ClockFreq
                0x0800501c      0x2b4 ./Drivers/STM32U5xx_HAL_Driver/Src/stm32u5xx_hal_rcc_ex.o
                0x0800501c                HAL_RCCEx_GetPLL1ClockFreq
 .text.HAL_RCCEx_GetPLL2ClockFreq
                0x080052d0      0x2b4 ./Drivers/STM32U5xx_HAL_Driver/Src/stm32u5xx_hal_rcc_ex.o
                0x080052d0                HAL_RCCEx_GetPLL2ClockFreq
 .text.HAL_RCCEx_GetPLL3ClockFreq
                0x08005584      0x2b4 ./Drivers/STM32U5xx_HAL_Driver/Src/stm32u5xx_hal_rcc_ex.o
                0x08005584                HAL_RCCEx_GetPLL3ClockFreq
 .text.HAL_RCCEx_GetPeriphCLKFreq
                0x08005838     0x1284 ./Drivers/STM32U5xx_HAL_Driver/Src/stm32u5xx_hal_rcc_ex.o
                0x08005838                HAL_RCCEx_GetPeriphCLKFreq
 .text.HAL_TIM_Base_Init
                0x08006abc       0xae ./Drivers/STM32U5xx_HAL_Driver/Src/stm32u5xx_hal_tim.o
                0x08006abc                HAL_TIM_Base_Init
 *fill*         0x08006b6a        0x2 
 .text.HAL_TIM_Base_Start
                0x08006b6c      0x130 ./Drivers/STM32U5xx_HAL_Driver/Src/stm32u5xx_hal_tim.o
                0x08006b6c                HAL_TIM_Base_Start
 .text.HAL_TIM_PWM_Init
                0x08006c9c       0xae ./Drivers/STM32U5xx_HAL_Driver/Src/stm32u5xx_hal_tim.o
                0x08006c9c                HAL_TIM_PWM_Init
 .text.HAL_TIM_PWM_MspInit
                0x08006d4a       0x14 ./Drivers/STM32U5xx_HAL_Driver/Src/stm32u5xx_hal_tim.o
                0x08006d4a                HAL_TIM_PWM_MspInit
 *fill*         0x08006d5e        0x2 
 .text.HAL_TIM_PWM_Start
                0x08006d60      0x2a4 ./Drivers/STM32U5xx_HAL_Driver/Src/stm32u5xx_hal_tim.o
                0x08006d60                HAL_TIM_PWM_Start
 .text.HAL_TIM_IC_Init
                0x08007004       0xae ./Drivers/STM32U5xx_HAL_Driver/Src/stm32u5xx_hal_tim.o
                0x08007004                HAL_TIM_IC_Init
 .text.HAL_TIM_IC_MspInit
                0x080070b2       0x14 ./Drivers/STM32U5xx_HAL_Driver/Src/stm32u5xx_hal_tim.o
                0x080070b2                HAL_TIM_IC_MspInit
 *fill*         0x080070c6        0x2 
 .text.HAL_TIM_IC_Start_DMA
                0x080070c8      0x3f4 ./Drivers/STM32U5xx_HAL_Driver/Src/stm32u5xx_hal_tim.o
                0x080070c8                HAL_TIM_IC_Start_DMA
 .text.HAL_TIM_IC_ConfigChannel
                0x080074bc      0x138 ./Drivers/STM32U5xx_HAL_Driver/Src/stm32u5xx_hal_tim.o
                0x080074bc                HAL_TIM_IC_ConfigChannel
 .text.HAL_TIM_PWM_ConfigChannel
                0x080075f4      0x228 ./Drivers/STM32U5xx_HAL_Driver/Src/stm32u5xx_hal_tim.o
                0x080075f4                HAL_TIM_PWM_ConfigChannel
 .text.HAL_TIM_ConfigClockSource
                0x0800781c      0x204 ./Drivers/STM32U5xx_HAL_Driver/Src/stm32u5xx_hal_tim.o
                0x0800781c                HAL_TIM_ConfigClockSource
 .text.HAL_TIM_SlaveConfigSynchro
                0x08007a20       0x84 ./Drivers/STM32U5xx_HAL_Driver/Src/stm32u5xx_hal_tim.o
                0x08007a20                HAL_TIM_SlaveConfigSynchro
 .text.TIM_DMA_Start_IT
                0x08007aa4       0x76 ./Drivers/STM32U5xx_HAL_Driver/Src/stm32u5xx_hal_tim.o
                0x08007aa4                TIM_DMA_Start_IT
 .text.HAL_TIM_IC_CaptureCallback
                0x08007b1a       0x14 ./Drivers/STM32U5xx_HAL_Driver/Src/stm32u5xx_hal_tim.o
                0x08007b1a                HAL_TIM_IC_CaptureCallback
 .text.HAL_TIM_IC_CaptureHalfCpltCallback
                0x08007b2e       0x14 ./Drivers/STM32U5xx_HAL_Driver/Src/stm32u5xx_hal_tim.o
                0x08007b2e                HAL_TIM_IC_CaptureHalfCpltCallback
 .text.HAL_TIM_ErrorCallback
                0x08007b42       0x14 ./Drivers/STM32U5xx_HAL_Driver/Src/stm32u5xx_hal_tim.o
                0x08007b42                HAL_TIM_ErrorCallback
 .text.TIM_DMAError
                0x08007b56       0x92 ./Drivers/STM32U5xx_HAL_Driver/Src/stm32u5xx_hal_tim.o
                0x08007b56                TIM_DMAError
 .text.TIM_DMACaptureCplt
                0x08007be8       0x68 ./Drivers/STM32U5xx_HAL_Driver/Src/stm32u5xx_hal_tim.o
                0x08007be8                TIM_DMACaptureCplt
 .text.TIM_DMACaptureHalfCplt
                0x08007c50       0x68 ./Drivers/STM32U5xx_HAL_Driver/Src/stm32u5xx_hal_tim.o
                0x08007c50                TIM_DMACaptureHalfCplt
 .text.TIM_Base_SetConfig
                0x08007cb8      0x200 ./Drivers/STM32U5xx_HAL_Driver/Src/stm32u5xx_hal_tim.o
                0x08007cb8                TIM_Base_SetConfig
 .text.TIM_OC1_SetConfig
                0x08007eb8      0x184 ./Drivers/STM32U5xx_HAL_Driver/Src/stm32u5xx_hal_tim.o
 .text.TIM_OC2_SetConfig
                0x0800803c      0x160 ./Drivers/STM32U5xx_HAL_Driver/Src/stm32u5xx_hal_tim.o
                0x0800803c                TIM_OC2_SetConfig
 .text.TIM_OC3_SetConfig
                0x0800819c      0x15c ./Drivers/STM32U5xx_HAL_Driver/Src/stm32u5xx_hal_tim.o
 .text.TIM_OC4_SetConfig
                0x080082f8      0x160 ./Drivers/STM32U5xx_HAL_Driver/Src/stm32u5xx_hal_tim.o
 .text.TIM_OC5_SetConfig
                0x08008458      0x104 ./Drivers/STM32U5xx_HAL_Driver/Src/stm32u5xx_hal_tim.o
 .text.TIM_OC6_SetConfig
                0x0800855c      0x108 ./Drivers/STM32U5xx_HAL_Driver/Src/stm32u5xx_hal_tim.o
 .text.TIM_SlaveTimer_SetConfig
                0x08008664      0x198 ./Drivers/STM32U5xx_HAL_Driver/Src/stm32u5xx_hal_tim.o
 .text.TIM_TI1_SetConfig
                0x080087fc      0x12c ./Drivers/STM32U5xx_HAL_Driver/Src/stm32u5xx_hal_tim.o
                0x080087fc                TIM_TI1_SetConfig
 .text.TIM_TI1_ConfigInputStage
                0x08008928       0x5e ./Drivers/STM32U5xx_HAL_Driver/Src/stm32u5xx_hal_tim.o
 .text.TIM_TI2_SetConfig
                0x08008986       0x7a ./Drivers/STM32U5xx_HAL_Driver/Src/stm32u5xx_hal_tim.o
 .text.TIM_TI2_ConfigInputStage
                0x08008a00       0x60 ./Drivers/STM32U5xx_HAL_Driver/Src/stm32u5xx_hal_tim.o
 .text.TIM_TI3_SetConfig
                0x08008a60       0x78 ./Drivers/STM32U5xx_HAL_Driver/Src/stm32u5xx_hal_tim.o
 .text.TIM_TI4_SetConfig
                0x08008ad8       0x7a ./Drivers/STM32U5xx_HAL_Driver/Src/stm32u5xx_hal_tim.o
 .text.TIM_ITRx_SetConfig
                0x08008b52       0x3a ./Drivers/STM32U5xx_HAL_Driver/Src/stm32u5xx_hal_tim.o
 .text.TIM_ETR_SetConfig
                0x08008b8c       0x40 ./Drivers/STM32U5xx_HAL_Driver/Src/stm32u5xx_hal_tim.o
                0x08008b8c                TIM_ETR_SetConfig
 .text.TIM_CCxChannelCmd
                0x08008bcc       0x4a ./Drivers/STM32U5xx_HAL_Driver/Src/stm32u5xx_hal_tim.o
                0x08008bcc                TIM_CCxChannelCmd
 *fill*         0x08008c16        0x2 
 .text.HAL_TIMEx_MasterConfigSynchronization
                0x08008c18      0x184 ./Drivers/STM32U5xx_HAL_Driver/Src/stm32u5xx_hal_tim_ex.o
                0x08008c18                HAL_TIMEx_MasterConfigSynchronization
 .text.HAL_TIMEx_ConfigBreakDeadTime
                0x08008d9c      0x134 ./Drivers/STM32U5xx_HAL_Driver/Src/stm32u5xx_hal_tim_ex.o
                0x08008d9c                HAL_TIMEx_ConfigBreakDeadTime
 .text.HAL_UART_Init
                0x08008ed0       0xa0 ./Drivers/STM32U5xx_HAL_Driver/Src/stm32u5xx_hal_uart.o
                0x08008ed0                HAL_UART_Init
 .text.HAL_UART_MspInit
                0x08008f70       0x14 ./Drivers/STM32U5xx_HAL_Driver/Src/stm32u5xx_hal_uart.o
                0x08008f70                HAL_UART_MspInit
 .text.HAL_UART_Transmit
                0x08008f84      0x11c ./Drivers/STM32U5xx_HAL_Driver/Src/stm32u5xx_hal_uart.o
                0x08008f84                HAL_UART_Transmit
 .text.UART_SetConfig
                0x080090a0      0x330 ./Drivers/STM32U5xx_HAL_Driver/Src/stm32u5xx_hal_uart.o
                0x080090a0                UART_SetConfig
 .text.UART_AdvFeatureConfig
                0x080093d0      0x144 ./Drivers/STM32U5xx_HAL_Driver/Src/stm32u5xx_hal_uart.o
                0x080093d0                UART_AdvFeatureConfig
 .text.UART_CheckIdleState
                0x08009514      0x154 ./Drivers/STM32U5xx_HAL_Driver/Src/stm32u5xx_hal_uart.o
                0x08009514                UART_CheckIdleState
 .text.UART_WaitOnFlagUntilTimeout
                0x08009668       0xda ./Drivers/STM32U5xx_HAL_Driver/Src/stm32u5xx_hal_uart.o
                0x08009668                UART_WaitOnFlagUntilTimeout
 .text.UART_EndRxTransfer
                0x08009742       0xcc ./Drivers/STM32U5xx_HAL_Driver/Src/stm32u5xx_hal_uart.o
 .text.__cvt    0x0800980e       0xca C:/ST/STM32CubeIDE_1.17.0/STM32CubeIDE/plugins/com.st.stm32cube.ide.mcu.externaltools.gnu-tools-for-stm32.12.3.rel1.win32_1.1.0.202410251130/tools/bin/../lib/gcc/arm-none-eabi/12.3.1/../../../../arm-none-eabi/lib/thumb/v8-m.main+fp/hard\libc_nano.a(libc_a-nano-vfprintf_float.o)
                0x0800980e                __cvt
 .text.__exponent
                0x080098d8       0x72 C:/ST/STM32CubeIDE_1.17.0/STM32CubeIDE/plugins/com.st.stm32cube.ide.mcu.externaltools.gnu-tools-for-stm32.12.3.rel1.win32_1.1.0.202410251130/tools/bin/../lib/gcc/arm-none-eabi/12.3.1/../../../../arm-none-eabi/lib/thumb/v8-m.main+fp/hard\libc_nano.a(libc_a-nano-vfprintf_float.o)
                0x080098d8                __exponent
 *fill*         0x0800994a        0x2 
 .text._printf_float
                0x0800994c      0x454 C:/ST/STM32CubeIDE_1.17.0/STM32CubeIDE/plugins/com.st.stm32cube.ide.mcu.externaltools.gnu-tools-for-stm32.12.3.rel1.win32_1.1.0.202410251130/tools/bin/../lib/gcc/arm-none-eabi/12.3.1/../../../../arm-none-eabi/lib/thumb/v8-m.main+fp/hard\libc_nano.a(libc_a-nano-vfprintf_float.o)
                0x0800994c                _printf_float
 .text._printf_common
                0x08009da0       0xe4 C:/ST/STM32CubeIDE_1.17.0/STM32CubeIDE/plugins/com.st.stm32cube.ide.mcu.externaltools.gnu-tools-for-stm32.12.3.rel1.win32_1.1.0.202410251130/tools/bin/../lib/gcc/arm-none-eabi/12.3.1/../../../../arm-none-eabi/lib/thumb/v8-m.main+fp/hard\libc_nano.a(libc_a-nano-vfprintf_i.o)
                0x08009da0                _printf_common
 .text._printf_i
                0x08009e84      0x240 C:/ST/STM32CubeIDE_1.17.0/STM32CubeIDE/plugins/com.st.stm32cube.ide.mcu.externaltools.gnu-tools-for-stm32.12.3.rel1.win32_1.1.0.202410251130/tools/bin/../lib/gcc/arm-none-eabi/12.3.1/../../../../arm-none-eabi/lib/thumb/v8-m.main+fp/hard\libc_nano.a(libc_a-nano-vfprintf_i.o)
                0x08009e84                _printf_i
 .text._scanf_float
                0x0800a0c4      0x424 C:/ST/STM32CubeIDE_1.17.0/STM32CubeIDE/plugins/com.st.stm32cube.ide.mcu.externaltools.gnu-tools-for-stm32.12.3.rel1.win32_1.1.0.202410251130/tools/bin/../lib/gcc/arm-none-eabi/12.3.1/../../../../arm-none-eabi/lib/thumb/v8-m.main+fp/hard\libc_nano.a(libc_a-nano-vfscanf_float.o)
                0x0800a0c4                _scanf_float
 .text.std      0x0800a4e8       0x6c C:/ST/STM32CubeIDE_1.17.0/STM32CubeIDE/plugins/com.st.stm32cube.ide.mcu.externaltools.gnu-tools-for-stm32.12.3.rel1.win32_1.1.0.202410251130/tools/bin/../lib/gcc/arm-none-eabi/12.3.1/../../../../arm-none-eabi/lib/thumb/v8-m.main+fp/hard\libc_nano.a(libc_a-findfp.o)
 .text.stdio_exit_handler
                0x0800a554       0x18 C:/ST/STM32CubeIDE_1.17.0/STM32CubeIDE/plugins/com.st.stm32cube.ide.mcu.externaltools.gnu-tools-for-stm32.12.3.rel1.win32_1.1.0.202410251130/tools/bin/../lib/gcc/arm-none-eabi/12.3.1/../../../../arm-none-eabi/lib/thumb/v8-m.main+fp/hard\libc_nano.a(libc_a-findfp.o)
 .text.cleanup_stdio
                0x0800a56c       0x40 C:/ST/STM32CubeIDE_1.17.0/STM32CubeIDE/plugins/com.st.stm32cube.ide.mcu.externaltools.gnu-tools-for-stm32.12.3.rel1.win32_1.1.0.202410251130/tools/bin/../lib/gcc/arm-none-eabi/12.3.1/../../../../arm-none-eabi/lib/thumb/v8-m.main+fp/hard\libc_nano.a(libc_a-findfp.o)
 .text.global_stdio_init.part.0
                0x0800a5ac       0x3c C:/ST/STM32CubeIDE_1.17.0/STM32CubeIDE/plugins/com.st.stm32cube.ide.mcu.externaltools.gnu-tools-for-stm32.12.3.rel1.win32_1.1.0.202410251130/tools/bin/../lib/gcc/arm-none-eabi/12.3.1/../../../../arm-none-eabi/lib/thumb/v8-m.main+fp/hard\libc_nano.a(libc_a-findfp.o)
 .text.__sfp_lock_acquire
                0x0800a5e8        0xc C:/ST/STM32CubeIDE_1.17.0/STM32CubeIDE/plugins/com.st.stm32cube.ide.mcu.externaltools.gnu-tools-for-stm32.12.3.rel1.win32_1.1.0.202410251130/tools/bin/../lib/gcc/arm-none-eabi/12.3.1/../../../../arm-none-eabi/lib/thumb/v8-m.main+fp/hard\libc_nano.a(libc_a-findfp.o)
                0x0800a5e8                __sfp_lock_acquire
 .text.__sfp_lock_release
                0x0800a5f4        0xc C:/ST/STM32CubeIDE_1.17.0/STM32CubeIDE/plugins/com.st.stm32cube.ide.mcu.externaltools.gnu-tools-for-stm32.12.3.rel1.win32_1.1.0.202410251130/tools/bin/../lib/gcc/arm-none-eabi/12.3.1/../../../../arm-none-eabi/lib/thumb/v8-m.main+fp/hard\libc_nano.a(libc_a-findfp.o)
                0x0800a5f4                __sfp_lock_release
 .text.__sinit  0x0800a600       0x30 C:/ST/STM32CubeIDE_1.17.0/STM32CubeIDE/plugins/com.st.stm32cube.ide.mcu.externaltools.gnu-tools-for-stm32.12.3.rel1.win32_1.1.0.202410251130/tools/bin/../lib/gcc/arm-none-eabi/12.3.1/../../../../arm-none-eabi/lib/thumb/v8-m.main+fp/hard\libc_nano.a(libc_a-findfp.o)
                0x0800a600                __sinit
 .text._fwalk_sglue
                0x0800a630       0x3c C:/ST/STM32CubeIDE_1.17.0/STM32CubeIDE/plugins/com.st.stm32cube.ide.mcu.externaltools.gnu-tools-for-stm32.12.3.rel1.win32_1.1.0.202410251130/tools/bin/../lib/gcc/arm-none-eabi/12.3.1/../../../../arm-none-eabi/lib/thumb/v8-m.main+fp/hard\libc_nano.a(libc_a-fwalk.o)
                0x0800a630                _fwalk_sglue
 .text.printf   0x0800a66c       0x24 C:/ST/STM32CubeIDE_1.17.0/STM32CubeIDE/plugins/com.st.stm32cube.ide.mcu.externaltools.gnu-tools-for-stm32.12.3.rel1.win32_1.1.0.202410251130/tools/bin/../lib/gcc/arm-none-eabi/12.3.1/../../../../arm-none-eabi/lib/thumb/v8-m.main+fp/hard\libc_nano.a(libc_a-printf.o)
                0x0800a66c                iprintf
                0x0800a66c                printf
 .text.sprintf  0x0800a690       0x40 C:/ST/STM32CubeIDE_1.17.0/STM32CubeIDE/plugins/com.st.stm32cube.ide.mcu.externaltools.gnu-tools-for-stm32.12.3.rel1.win32_1.1.0.202410251130/tools/bin/../lib/gcc/arm-none-eabi/12.3.1/../../../../arm-none-eabi/lib/thumb/v8-m.main+fp/hard\libc_nano.a(libc_a-sprintf.o)
                0x0800a690                siprintf
                0x0800a690                sprintf
 .text.__sread  0x0800a6d0       0x22 C:/ST/STM32CubeIDE_1.17.0/STM32CubeIDE/plugins/com.st.stm32cube.ide.mcu.externaltools.gnu-tools-for-stm32.12.3.rel1.win32_1.1.0.202410251130/tools/bin/../lib/gcc/arm-none-eabi/12.3.1/../../../../arm-none-eabi/lib/thumb/v8-m.main+fp/hard\libc_nano.a(libc_a-stdio.o)
                0x0800a6d0                __sread
 .text.__swrite
                0x0800a6f2       0x38 C:/ST/STM32CubeIDE_1.17.0/STM32CubeIDE/plugins/com.st.stm32cube.ide.mcu.externaltools.gnu-tools-for-stm32.12.3.rel1.win32_1.1.0.202410251130/tools/bin/../lib/gcc/arm-none-eabi/12.3.1/../../../../arm-none-eabi/lib/thumb/v8-m.main+fp/hard\libc_nano.a(libc_a-stdio.o)
                0x0800a6f2                __swrite
 .text.__sseek  0x0800a72a       0x24 C:/ST/STM32CubeIDE_1.17.0/STM32CubeIDE/plugins/com.st.stm32cube.ide.mcu.externaltools.gnu-tools-for-stm32.12.3.rel1.win32_1.1.0.202410251130/tools/bin/../lib/gcc/arm-none-eabi/12.3.1/../../../../arm-none-eabi/lib/thumb/v8-m.main+fp/hard\libc_nano.a(libc_a-stdio.o)
                0x0800a72a                __sseek
 .text.__sclose
                0x0800a74e        0x8 C:/ST/STM32CubeIDE_1.17.0/STM32CubeIDE/plugins/com.st.stm32cube.ide.mcu.externaltools.gnu-tools-for-stm32.12.3.rel1.win32_1.1.0.202410251130/tools/bin/../lib/gcc/arm-none-eabi/12.3.1/../../../../arm-none-eabi/lib/thumb/v8-m.main+fp/hard\libc_nano.a(libc_a-stdio.o)
                0x0800a74e                __sclose
 .text.memset   0x0800a756       0x10 C:/ST/STM32CubeIDE_1.17.0/STM32CubeIDE/plugins/com.st.stm32cube.ide.mcu.externaltools.gnu-tools-for-stm32.12.3.rel1.win32_1.1.0.202410251130/tools/bin/../lib/gcc/arm-none-eabi/12.3.1/../../../../arm-none-eabi/lib/thumb/v8-m.main+fp/hard\libc_nano.a(libc_a-memset.o)
                0x0800a756                memset
 *fill*         0x0800a766        0x2 
 .text._localeconv_r
                0x0800a768        0x8 C:/ST/STM32CubeIDE_1.17.0/STM32CubeIDE/plugins/com.st.stm32cube.ide.mcu.externaltools.gnu-tools-for-stm32.12.3.rel1.win32_1.1.0.202410251130/tools/bin/../lib/gcc/arm-none-eabi/12.3.1/../../../../arm-none-eabi/lib/thumb/v8-m.main+fp/hard\libc_nano.a(libc_a-localeconv.o)
                0x0800a768                _localeconv_r
 .text._close_r
                0x0800a770       0x20 C:/ST/STM32CubeIDE_1.17.0/STM32CubeIDE/plugins/com.st.stm32cube.ide.mcu.externaltools.gnu-tools-for-stm32.12.3.rel1.win32_1.1.0.202410251130/tools/bin/../lib/gcc/arm-none-eabi/12.3.1/../../../../arm-none-eabi/lib/thumb/v8-m.main+fp/hard\libc_nano.a(libc_a-closer.o)
                0x0800a770                _close_r
 .text._lseek_r
                0x0800a790       0x24 C:/ST/STM32CubeIDE_1.17.0/STM32CubeIDE/plugins/com.st.stm32cube.ide.mcu.externaltools.gnu-tools-for-stm32.12.3.rel1.win32_1.1.0.202410251130/tools/bin/../lib/gcc/arm-none-eabi/12.3.1/../../../../arm-none-eabi/lib/thumb/v8-m.main+fp/hard\libc_nano.a(libc_a-lseekr.o)
                0x0800a790                _lseek_r
 .text._read_r  0x0800a7b4       0x24 C:/ST/STM32CubeIDE_1.17.0/STM32CubeIDE/plugins/com.st.stm32cube.ide.mcu.externaltools.gnu-tools-for-stm32.12.3.rel1.win32_1.1.0.202410251130/tools/bin/../lib/gcc/arm-none-eabi/12.3.1/../../../../arm-none-eabi/lib/thumb/v8-m.main+fp/hard\libc_nano.a(libc_a-readr.o)
                0x0800a7b4                _read_r
 .text._write_r
                0x0800a7d8       0x24 C:/ST/STM32CubeIDE_1.17.0/STM32CubeIDE/plugins/com.st.stm32cube.ide.mcu.externaltools.gnu-tools-for-stm32.12.3.rel1.win32_1.1.0.202410251130/tools/bin/../lib/gcc/arm-none-eabi/12.3.1/../../../../arm-none-eabi/lib/thumb/v8-m.main+fp/hard\libc_nano.a(libc_a-writer.o)
                0x0800a7d8                _write_r
 .text.__errno  0x0800a7fc        0xc C:/ST/STM32CubeIDE_1.17.0/STM32CubeIDE/plugins/com.st.stm32cube.ide.mcu.externaltools.gnu-tools-for-stm32.12.3.rel1.win32_1.1.0.202410251130/tools/bin/../lib/gcc/arm-none-eabi/12.3.1/../../../../arm-none-eabi/lib/thumb/v8-m.main+fp/hard\libc_nano.a(libc_a-errno.o)
                0x0800a7fc                __errno
 .text.__libc_init_array
                0x0800a808       0x48 C:/ST/STM32CubeIDE_1.17.0/STM32CubeIDE/plugins/com.st.stm32cube.ide.mcu.externaltools.gnu-tools-for-stm32.12.3.rel1.win32_1.1.0.202410251130/tools/bin/../lib/gcc/arm-none-eabi/12.3.1/../../../../arm-none-eabi/lib/thumb/v8-m.main+fp/hard\libc_nano.a(libc_a-init.o)
                0x0800a808                __libc_init_array
 .text.__retarget_lock_init_recursive
                0x0800a850        0x2 C:/ST/STM32CubeIDE_1.17.0/STM32CubeIDE/plugins/com.st.stm32cube.ide.mcu.externaltools.gnu-tools-for-stm32.12.3.rel1.win32_1.1.0.202410251130/tools/bin/../lib/gcc/arm-none-eabi/12.3.1/../../../../arm-none-eabi/lib/thumb/v8-m.main+fp/hard\libc_nano.a(libc_a-lock.o)
                0x0800a850                __retarget_lock_init_recursive
 .text.__retarget_lock_acquire_recursive
                0x0800a852        0x2 C:/ST/STM32CubeIDE_1.17.0/STM32CubeIDE/plugins/com.st.stm32cube.ide.mcu.externaltools.gnu-tools-for-stm32.12.3.rel1.win32_1.1.0.202410251130/tools/bin/../lib/gcc/arm-none-eabi/12.3.1/../../../../arm-none-eabi/lib/thumb/v8-m.main+fp/hard\libc_nano.a(libc_a-lock.o)
                0x0800a852                __retarget_lock_acquire_recursive
 .text.__retarget_lock_release_recursive
                0x0800a854        0x2 C:/ST/STM32CubeIDE_1.17.0/STM32CubeIDE/plugins/com.st.stm32cube.ide.mcu.externaltools.gnu-tools-for-stm32.12.3.rel1.win32_1.1.0.202410251130/tools/bin/../lib/gcc/arm-none-eabi/12.3.1/../../../../arm-none-eabi/lib/thumb/v8-m.main+fp/hard\libc_nano.a(libc_a-lock.o)
                0x0800a854                __retarget_lock_release_recursive
 .text.memchr   0x0800a856       0x1c C:/ST/STM32CubeIDE_1.17.0/STM32CubeIDE/plugins/com.st.stm32cube.ide.mcu.externaltools.gnu-tools-for-stm32.12.3.rel1.win32_1.1.0.202410251130/tools/bin/../lib/gcc/arm-none-eabi/12.3.1/../../../../arm-none-eabi/lib/thumb/v8-m.main+fp/hard\libc_nano.a(libc_a-memchr-stub.o)
                0x0800a856                memchr
 *fill*         0x0800a872        0x2 
 .text.nanf     0x0800a874        0xc C:/ST/STM32CubeIDE_1.17.0/STM32CubeIDE/plugins/com.st.stm32cube.ide.mcu.externaltools.gnu-tools-for-stm32.12.3.rel1.win32_1.1.0.202410251130/tools/bin/../lib/gcc/arm-none-eabi/12.3.1/../../../../arm-none-eabi/lib/thumb/v8-m.main+fp/hard\libc_nano.a(libm_a-sf_nan.o)
                0x0800a874                nanf
 .text.quorem   0x0800a880      0x11a C:/ST/STM32CubeIDE_1.17.0/STM32CubeIDE/plugins/com.st.stm32cube.ide.mcu.externaltools.gnu-tools-for-stm32.12.3.rel1.win32_1.1.0.202410251130/tools/bin/../lib/gcc/arm-none-eabi/12.3.1/../../../../arm-none-eabi/lib/thumb/v8-m.main+fp/hard\libc_nano.a(libc_a-dtoa.o)
 *fill*         0x0800a99a        0x6 
 .text._dtoa_r  0x0800a9a0      0xb88 C:/ST/STM32CubeIDE_1.17.0/STM32CubeIDE/plugins/com.st.stm32cube.ide.mcu.externaltools.gnu-tools-for-stm32.12.3.rel1.win32_1.1.0.202410251130/tools/bin/../lib/gcc/arm-none-eabi/12.3.1/../../../../arm-none-eabi/lib/thumb/v8-m.main+fp/hard\libc_nano.a(libc_a-dtoa.o)
                0x0800a9a0                _dtoa_r
 .text._free_r  0x0800b528       0x94 C:/ST/STM32CubeIDE_1.17.0/STM32CubeIDE/plugins/com.st.stm32cube.ide.mcu.externaltools.gnu-tools-for-stm32.12.3.rel1.win32_1.1.0.202410251130/tools/bin/../lib/gcc/arm-none-eabi/12.3.1/../../../../arm-none-eabi/lib/thumb/v8-m.main+fp/hard\libc_nano.a(libc_a-freer.o)
                0x0800b528                _free_r
 .text.malloc   0x0800b5bc       0x10 C:/ST/STM32CubeIDE_1.17.0/STM32CubeIDE/plugins/com.st.stm32cube.ide.mcu.externaltools.gnu-tools-for-stm32.12.3.rel1.win32_1.1.0.202410251130/tools/bin/../lib/gcc/arm-none-eabi/12.3.1/../../../../arm-none-eabi/lib/thumb/v8-m.main+fp/hard\libc_nano.a(libc_a-malloc.o)
                0x0800b5bc                malloc
 .text.sbrk_aligned
                0x0800b5cc       0x44 C:/ST/STM32CubeIDE_1.17.0/STM32CubeIDE/plugins/com.st.stm32cube.ide.mcu.externaltools.gnu-tools-for-stm32.12.3.rel1.win32_1.1.0.202410251130/tools/bin/../lib/gcc/arm-none-eabi/12.3.1/../../../../arm-none-eabi/lib/thumb/v8-m.main+fp/hard\libc_nano.a(libc_a-mallocr.o)
 .text._malloc_r
                0x0800b610      0x100 C:/ST/STM32CubeIDE_1.17.0/STM32CubeIDE/plugins/com.st.stm32cube.ide.mcu.externaltools.gnu-tools-for-stm32.12.3.rel1.win32_1.1.0.202410251130/tools/bin/../lib/gcc/arm-none-eabi/12.3.1/../../../../arm-none-eabi/lib/thumb/v8-m.main+fp/hard\libc_nano.a(libc_a-mallocr.o)
                0x0800b610                _malloc_r
 .text.__malloc_lock
                0x0800b710        0xc C:/ST/STM32CubeIDE_1.17.0/STM32CubeIDE/plugins/com.st.stm32cube.ide.mcu.externaltools.gnu-tools-for-stm32.12.3.rel1.win32_1.1.0.202410251130/tools/bin/../lib/gcc/arm-none-eabi/12.3.1/../../../../arm-none-eabi/lib/thumb/v8-m.main+fp/hard\libc_nano.a(libc_a-mlock.o)
                0x0800b710                __malloc_lock
 .text.__malloc_unlock
                0x0800b71c        0xc C:/ST/STM32CubeIDE_1.17.0/STM32CubeIDE/plugins/com.st.stm32cube.ide.mcu.externaltools.gnu-tools-for-stm32.12.3.rel1.win32_1.1.0.202410251130/tools/bin/../lib/gcc/arm-none-eabi/12.3.1/../../../../arm-none-eabi/lib/thumb/v8-m.main+fp/hard\libc_nano.a(libc_a-mlock.o)
                0x0800b71c                __malloc_unlock
 .text._Balloc  0x0800b728       0x80 C:/ST/STM32CubeIDE_1.17.0/STM32CubeIDE/plugins/com.st.stm32cube.ide.mcu.externaltools.gnu-tools-for-stm32.12.3.rel1.win32_1.1.0.202410251130/tools/bin/../lib/gcc/arm-none-eabi/12.3.1/../../../../arm-none-eabi/lib/thumb/v8-m.main+fp/hard\libc_nano.a(libc_a-mprec.o)
                0x0800b728                _Balloc
 .text._Bfree   0x0800b7a8       0x44 C:/ST/STM32CubeIDE_1.17.0/STM32CubeIDE/plugins/com.st.stm32cube.ide.mcu.externaltools.gnu-tools-for-stm32.12.3.rel1.win32_1.1.0.202410251130/tools/bin/../lib/gcc/arm-none-eabi/12.3.1/../../../../arm-none-eabi/lib/thumb/v8-m.main+fp/hard\libc_nano.a(libc_a-mprec.o)
                0x0800b7a8                _Bfree
 .text.__multadd
                0x0800b7ec       0x90 C:/ST/STM32CubeIDE_1.17.0/STM32CubeIDE/plugins/com.st.stm32cube.ide.mcu.externaltools.gnu-tools-for-stm32.12.3.rel1.win32_1.1.0.202410251130/tools/bin/../lib/gcc/arm-none-eabi/12.3.1/../../../../arm-none-eabi/lib/thumb/v8-m.main+fp/hard\libc_nano.a(libc_a-mprec.o)
                0x0800b7ec                __multadd
 .text.__s2b    0x0800b87c       0x94 C:/ST/STM32CubeIDE_1.17.0/STM32CubeIDE/plugins/com.st.stm32cube.ide.mcu.externaltools.gnu-tools-for-stm32.12.3.rel1.win32_1.1.0.202410251130/tools/bin/../lib/gcc/arm-none-eabi/12.3.1/../../../../arm-none-eabi/lib/thumb/v8-m.main+fp/hard\libc_nano.a(libc_a-mprec.o)
                0x0800b87c                __s2b
 .text.__hi0bits
                0x0800b910       0x3e C:/ST/STM32CubeIDE_1.17.0/STM32CubeIDE/plugins/com.st.stm32cube.ide.mcu.externaltools.gnu-tools-for-stm32.12.3.rel1.win32_1.1.0.202410251130/tools/bin/../lib/gcc/arm-none-eabi/12.3.1/../../../../arm-none-eabi/lib/thumb/v8-m.main+fp/hard\libc_nano.a(libc_a-mprec.o)
                0x0800b910                __hi0bits
 .text.__lo0bits
                0x0800b94e       0x5a C:/ST/STM32CubeIDE_1.17.0/STM32CubeIDE/plugins/com.st.stm32cube.ide.mcu.externaltools.gnu-tools-for-stm32.12.3.rel1.win32_1.1.0.202410251130/tools/bin/../lib/gcc/arm-none-eabi/12.3.1/../../../../arm-none-eabi/lib/thumb/v8-m.main+fp/hard\libc_nano.a(libc_a-mprec.o)
                0x0800b94e                __lo0bits
 .text.__i2b    0x0800b9a8       0x2c C:/ST/STM32CubeIDE_1.17.0/STM32CubeIDE/plugins/com.st.stm32cube.ide.mcu.externaltools.gnu-tools-for-stm32.12.3.rel1.win32_1.1.0.202410251130/tools/bin/../lib/gcc/arm-none-eabi/12.3.1/../../../../arm-none-eabi/lib/thumb/v8-m.main+fp/hard\libc_nano.a(libc_a-mprec.o)
                0x0800b9a8                __i2b
 .text.__multiply
                0x0800b9d4      0x154 C:/ST/STM32CubeIDE_1.17.0/STM32CubeIDE/plugins/com.st.stm32cube.ide.mcu.externaltools.gnu-tools-for-stm32.12.3.rel1.win32_1.1.0.202410251130/tools/bin/../lib/gcc/arm-none-eabi/12.3.1/../../../../arm-none-eabi/lib/thumb/v8-m.main+fp/hard\libc_nano.a(libc_a-mprec.o)
                0x0800b9d4                __multiply
 .text.__pow5mult
                0x0800bb28       0xb4 C:/ST/STM32CubeIDE_1.17.0/STM32CubeIDE/plugins/com.st.stm32cube.ide.mcu.externaltools.gnu-tools-for-stm32.12.3.rel1.win32_1.1.0.202410251130/tools/bin/../lib/gcc/arm-none-eabi/12.3.1/../../../../arm-none-eabi/lib/thumb/v8-m.main+fp/hard\libc_nano.a(libc_a-mprec.o)
                0x0800bb28                __pow5mult
 .text.__lshift
                0x0800bbdc       0xd8 C:/ST/STM32CubeIDE_1.17.0/STM32CubeIDE/plugins/com.st.stm32cube.ide.mcu.externaltools.gnu-tools-for-stm32.12.3.rel1.win32_1.1.0.202410251130/tools/bin/../lib/gcc/arm-none-eabi/12.3.1/../../../../arm-none-eabi/lib/thumb/v8-m.main+fp/hard\libc_nano.a(libc_a-mprec.o)
                0x0800bbdc                __lshift
 .text.__mcmp   0x0800bcb4       0x36 C:/ST/STM32CubeIDE_1.17.0/STM32CubeIDE/plugins/com.st.stm32cube.ide.mcu.externaltools.gnu-tools-for-stm32.12.3.rel1.win32_1.1.0.202410251130/tools/bin/../lib/gcc/arm-none-eabi/12.3.1/../../../../arm-none-eabi/lib/thumb/v8-m.main+fp/hard\libc_nano.a(libc_a-mprec.o)
                0x0800bcb4                __mcmp
 *fill*         0x0800bcea        0x2 
 .text.__mdiff  0x0800bcec      0x130 C:/ST/STM32CubeIDE_1.17.0/STM32CubeIDE/plugins/com.st.stm32cube.ide.mcu.externaltools.gnu-tools-for-stm32.12.3.rel1.win32_1.1.0.202410251130/tools/bin/../lib/gcc/arm-none-eabi/12.3.1/../../../../arm-none-eabi/lib/thumb/v8-m.main+fp/hard\libc_nano.a(libc_a-mprec.o)
                0x0800bcec                __mdiff
 .text.__ulp    0x0800be1c       0x4c C:/ST/STM32CubeIDE_1.17.0/STM32CubeIDE/plugins/com.st.stm32cube.ide.mcu.externaltools.gnu-tools-for-stm32.12.3.rel1.win32_1.1.0.202410251130/tools/bin/../lib/gcc/arm-none-eabi/12.3.1/../../../../arm-none-eabi/lib/thumb/v8-m.main+fp/hard\libc_nano.a(libc_a-mprec.o)
                0x0800be1c                __ulp
 .text.__b2d    0x0800be68       0x9c C:/ST/STM32CubeIDE_1.17.0/STM32CubeIDE/plugins/com.st.stm32cube.ide.mcu.externaltools.gnu-tools-for-stm32.12.3.rel1.win32_1.1.0.202410251130/tools/bin/../lib/gcc/arm-none-eabi/12.3.1/../../../../arm-none-eabi/lib/thumb/v8-m.main+fp/hard\libc_nano.a(libc_a-mprec.o)
                0x0800be68                __b2d
 .text.__d2b    0x0800bf04       0xb0 C:/ST/STM32CubeIDE_1.17.0/STM32CubeIDE/plugins/com.st.stm32cube.ide.mcu.externaltools.gnu-tools-for-stm32.12.3.rel1.win32_1.1.0.202410251130/tools/bin/../lib/gcc/arm-none-eabi/12.3.1/../../../../arm-none-eabi/lib/thumb/v8-m.main+fp/hard\libc_nano.a(libc_a-mprec.o)
                0x0800bf04                __d2b
 .text.__ratio  0x0800bfb4       0x64 C:/ST/STM32CubeIDE_1.17.0/STM32CubeIDE/plugins/com.st.stm32cube.ide.mcu.externaltools.gnu-tools-for-stm32.12.3.rel1.win32_1.1.0.202410251130/tools/bin/../lib/gcc/arm-none-eabi/12.3.1/../../../../arm-none-eabi/lib/thumb/v8-m.main+fp/hard\libc_nano.a(libc_a-mprec.o)
                0x0800bfb4                __ratio
 .text.__copybits
                0x0800c018       0x46 C:/ST/STM32CubeIDE_1.17.0/STM32CubeIDE/plugins/com.st.stm32cube.ide.mcu.externaltools.gnu-tools-for-stm32.12.3.rel1.win32_1.1.0.202410251130/tools/bin/../lib/gcc/arm-none-eabi/12.3.1/../../../../arm-none-eabi/lib/thumb/v8-m.main+fp/hard\libc_nano.a(libc_a-mprec.o)
                0x0800c018                __copybits
 .text.__any_on
                0x0800c05e       0x42 C:/ST/STM32CubeIDE_1.17.0/STM32CubeIDE/plugins/com.st.stm32cube.ide.mcu.externaltools.gnu-tools-for-stm32.12.3.rel1.win32_1.1.0.202410251130/tools/bin/../lib/gcc/arm-none-eabi/12.3.1/../../../../arm-none-eabi/lib/thumb/v8-m.main+fp/hard\libc_nano.a(libc_a-mprec.o)
                0x0800c05e                __any_on
 .text.sulp     0x0800c0a0       0x3c C:/ST/STM32CubeIDE_1.17.0/STM32CubeIDE/plugins/com.st.stm32cube.ide.mcu.externaltools.gnu-tools-for-stm32.12.3.rel1.win32_1.1.0.202410251130/tools/bin/../lib/gcc/arm-none-eabi/12.3.1/../../../../arm-none-eabi/lib/thumb/v8-m.main+fp/hard\libc_nano.a(libc_a-strtod.o)
 *fill*         0x0800c0dc        0x4 
 .text._strtod_l
                0x0800c0e0      0xbc8 C:/ST/STM32CubeIDE_1.17.0/STM32CubeIDE/plugins/com.st.stm32cube.ide.mcu.externaltools.gnu-tools-for-stm32.12.3.rel1.win32_1.1.0.202410251130/tools/bin/../lib/gcc/arm-none-eabi/12.3.1/../../../../arm-none-eabi/lib/thumb/v8-m.main+fp/hard\libc_nano.a(libc_a-strtod.o)
                0x0800c0e0                _strtod_l
 .text._strtod_r
                0x0800cca8        0xc C:/ST/STM32CubeIDE_1.17.0/STM32CubeIDE/plugins/com.st.stm32cube.ide.mcu.externaltools.gnu-tools-for-stm32.12.3.rel1.win32_1.1.0.202410251130/tools/bin/../lib/gcc/arm-none-eabi/12.3.1/../../../../arm-none-eabi/lib/thumb/v8-m.main+fp/hard\libc_nano.a(libc_a-strtod.o)
                0x0800cca8                _strtod_r
 .text._strtol_l.constprop.0
                0x0800ccb4       0xf4 C:/ST/STM32CubeIDE_1.17.0/STM32CubeIDE/plugins/com.st.stm32cube.ide.mcu.externaltools.gnu-tools-for-stm32.12.3.rel1.win32_1.1.0.202410251130/tools/bin/../lib/gcc/arm-none-eabi/12.3.1/../../../../arm-none-eabi/lib/thumb/v8-m.main+fp/hard\libc_nano.a(libc_a-strtol.o)
 .text._strtol_r
                0x0800cda8        0x4 C:/ST/STM32CubeIDE_1.17.0/STM32CubeIDE/plugins/com.st.stm32cube.ide.mcu.externaltools.gnu-tools-for-stm32.12.3.rel1.win32_1.1.0.202410251130/tools/bin/../lib/gcc/arm-none-eabi/12.3.1/../../../../arm-none-eabi/lib/thumb/v8-m.main+fp/hard\libc_nano.a(libc_a-strtol.o)
                0x0800cda8                _strtol_r
 .text.__ssputs_r
                0x0800cdac       0xb6 C:/ST/STM32CubeIDE_1.17.0/STM32CubeIDE/plugins/com.st.stm32cube.ide.mcu.externaltools.gnu-tools-for-stm32.12.3.rel1.win32_1.1.0.202410251130/tools/bin/../lib/gcc/arm-none-eabi/12.3.1/../../../../arm-none-eabi/lib/thumb/v8-m.main+fp/hard\libc_nano.a(libc_a-nano-svfprintf.o)
                0x0800cdac                __ssputs_r
 *fill*         0x0800ce62        0x2 
 .text._svfprintf_r
                0x0800ce64      0x1f8 C:/ST/STM32CubeIDE_1.17.0/STM32CubeIDE/plugins/com.st.stm32cube.ide.mcu.externaltools.gnu-tools-for-stm32.12.3.rel1.win32_1.1.0.202410251130/tools/bin/../lib/gcc/arm-none-eabi/12.3.1/../../../../arm-none-eabi/lib/thumb/v8-m.main+fp/hard\libc_nano.a(libc_a-nano-svfprintf.o)
                0x0800ce64                _svfiprintf_r
                0x0800ce64                _svfprintf_r
 .text.__sfputc_r
                0x0800d05c       0x2e C:/ST/STM32CubeIDE_1.17.0/STM32CubeIDE/plugins/com.st.stm32cube.ide.mcu.externaltools.gnu-tools-for-stm32.12.3.rel1.win32_1.1.0.202410251130/tools/bin/../lib/gcc/arm-none-eabi/12.3.1/../../../../arm-none-eabi/lib/thumb/v8-m.main+fp/hard\libc_nano.a(libc_a-nano-vfprintf.o)
 .text.__sfputs_r
                0x0800d08a       0x24 C:/ST/STM32CubeIDE_1.17.0/STM32CubeIDE/plugins/com.st.stm32cube.ide.mcu.externaltools.gnu-tools-for-stm32.12.3.rel1.win32_1.1.0.202410251130/tools/bin/../lib/gcc/arm-none-eabi/12.3.1/../../../../arm-none-eabi/lib/thumb/v8-m.main+fp/hard\libc_nano.a(libc_a-nano-vfprintf.o)
                0x0800d08a                __sfputs_r
 *fill*         0x0800d0ae        0x2 
 .text._vfprintf_r
                0x0800d0b0      0x230 C:/ST/STM32CubeIDE_1.17.0/STM32CubeIDE/plugins/com.st.stm32cube.ide.mcu.externaltools.gnu-tools-for-stm32.12.3.rel1.win32_1.1.0.202410251130/tools/bin/../lib/gcc/arm-none-eabi/12.3.1/../../../../arm-none-eabi/lib/thumb/v8-m.main+fp/hard\libc_nano.a(libc_a-nano-vfprintf.o)
                0x0800d0b0                _vfprintf_r
                0x0800d0b0                _vfiprintf_r
 .text.__sflush_r
                0x0800d2e0      0x108 C:/ST/STM32CubeIDE_1.17.0/STM32CubeIDE/plugins/com.st.stm32cube.ide.mcu.externaltools.gnu-tools-for-stm32.12.3.rel1.win32_1.1.0.202410251130/tools/bin/../lib/gcc/arm-none-eabi/12.3.1/../../../../arm-none-eabi/lib/thumb/v8-m.main+fp/hard\libc_nano.a(libc_a-fflush.o)
                0x0800d2e0                __sflush_r
 .text._fflush_r
                0x0800d3e8       0x50 C:/ST/STM32CubeIDE_1.17.0/STM32CubeIDE/plugins/com.st.stm32cube.ide.mcu.externaltools.gnu-tools-for-stm32.12.3.rel1.win32_1.1.0.202410251130/tools/bin/../lib/gcc/arm-none-eabi/12.3.1/../../../../arm-none-eabi/lib/thumb/v8-m.main+fp/hard\libc_nano.a(libc_a-fflush.o)
                0x0800d3e8                _fflush_r
 .text.__swbuf_r
                0x0800d438       0x7c C:/ST/STM32CubeIDE_1.17.0/STM32CubeIDE/plugins/com.st.stm32cube.ide.mcu.externaltools.gnu-tools-for-stm32.12.3.rel1.win32_1.1.0.202410251130/tools/bin/../lib/gcc/arm-none-eabi/12.3.1/../../../../arm-none-eabi/lib/thumb/v8-m.main+fp/hard\libc_nano.a(libc_a-wbuf.o)
                0x0800d438                __swbuf_r
 .text.__swsetup_r
                0x0800d4b4       0xac C:/ST/STM32CubeIDE_1.17.0/STM32CubeIDE/plugins/com.st.stm32cube.ide.mcu.externaltools.gnu-tools-for-stm32.12.3.rel1.win32_1.1.0.202410251130/tools/bin/../lib/gcc/arm-none-eabi/12.3.1/../../../../arm-none-eabi/lib/thumb/v8-m.main+fp/hard\libc_nano.a(libc_a-wsetup.o)
                0x0800d4b4                __swsetup_r
 .text.memmove  0x0800d560       0x34 C:/ST/STM32CubeIDE_1.17.0/STM32CubeIDE/plugins/com.st.stm32cube.ide.mcu.externaltools.gnu-tools-for-stm32.12.3.rel1.win32_1.1.0.202410251130/tools/bin/../lib/gcc/arm-none-eabi/12.3.1/../../../../arm-none-eabi/lib/thumb/v8-m.main+fp/hard\libc_nano.a(libc_a-memmove.o)
                0x0800d560                memmove
 .text.strncmp  0x0800d594       0x24 C:/ST/STM32CubeIDE_1.17.0/STM32CubeIDE/plugins/com.st.stm32cube.ide.mcu.externaltools.gnu-tools-for-stm32.12.3.rel1.win32_1.1.0.202410251130/tools/bin/../lib/gcc/arm-none-eabi/12.3.1/../../../../arm-none-eabi/lib/thumb/v8-m.main+fp/hard\libc_nano.a(libc_a-strncmp.o)
                0x0800d594                strncmp
 .text._sbrk_r  0x0800d5b8       0x20 C:/ST/STM32CubeIDE_1.17.0/STM32CubeIDE/plugins/com.st.stm32cube.ide.mcu.externaltools.gnu-tools-for-stm32.12.3.rel1.win32_1.1.0.202410251130/tools/bin/../lib/gcc/arm-none-eabi/12.3.1/../../../../arm-none-eabi/lib/thumb/v8-m.main+fp/hard\libc_nano.a(libc_a-sbrkr.o)
                0x0800d5b8                _sbrk_r
 .text.memcpy   0x0800d5d8       0x1a C:/ST/STM32CubeIDE_1.17.0/STM32CubeIDE/plugins/com.st.stm32cube.ide.mcu.externaltools.gnu-tools-for-stm32.12.3.rel1.win32_1.1.0.202410251130/tools/bin/../lib/gcc/arm-none-eabi/12.3.1/../../../../arm-none-eabi/lib/thumb/v8-m.main+fp/hard\libc_nano.a(libc_a-memcpy-stub.o)
                0x0800d5d8                memcpy
 *fill*         0x0800d5f2        0x6 
 .text.nan      0x0800d5f8       0x10 C:/ST/STM32CubeIDE_1.17.0/STM32CubeIDE/plugins/com.st.stm32cube.ide.mcu.externaltools.gnu-tools-for-stm32.12.3.rel1.win32_1.1.0.202410251130/tools/bin/../lib/gcc/arm-none-eabi/12.3.1/../../../../arm-none-eabi/lib/thumb/v8-m.main+fp/hard\libc_nano.a(libm_a-s_nan.o)
                0x0800d5f8                nan
 .text.__assert_func
                0x0800d608       0x3c C:/ST/STM32CubeIDE_1.17.0/STM32CubeIDE/plugins/com.st.stm32cube.ide.mcu.externaltools.gnu-tools-for-stm32.12.3.rel1.win32_1.1.0.202410251130/tools/bin/../lib/gcc/arm-none-eabi/12.3.1/../../../../arm-none-eabi/lib/thumb/v8-m.main+fp/hard\libc_nano.a(libc_a-assert.o)
                0x0800d608                __assert_func
 .text._calloc_r
                0x0800d644       0x28 C:/ST/STM32CubeIDE_1.17.0/STM32CubeIDE/plugins/com.st.stm32cube.ide.mcu.externaltools.gnu-tools-for-stm32.12.3.rel1.win32_1.1.0.202410251130/tools/bin/../lib/gcc/arm-none-eabi/12.3.1/../../../../arm-none-eabi/lib/thumb/v8-m.main+fp/hard\libc_nano.a(libc_a-callocr.o)
                0x0800d644                _calloc_r
 .text.rshift   0x0800d66c       0xa2 C:/ST/STM32CubeIDE_1.17.0/STM32CubeIDE/plugins/com.st.stm32cube.ide.mcu.externaltools.gnu-tools-for-stm32.12.3.rel1.win32_1.1.0.202410251130/tools/bin/../lib/gcc/arm-none-eabi/12.3.1/../../../../arm-none-eabi/lib/thumb/v8-m.main+fp/hard\libc_nano.a(libc_a-gdtoa-gethex.o)
 .text.__hexdig_fun
                0x0800d70e       0x2a C:/ST/STM32CubeIDE_1.17.0/STM32CubeIDE/plugins/com.st.stm32cube.ide.mcu.externaltools.gnu-tools-for-stm32.12.3.rel1.win32_1.1.0.202410251130/tools/bin/../lib/gcc/arm-none-eabi/12.3.1/../../../../arm-none-eabi/lib/thumb/v8-m.main+fp/hard\libc_nano.a(libc_a-gdtoa-gethex.o)
                0x0800d70e                __hexdig_fun
 .text.__gethex
                0x0800d738      0x41c C:/ST/STM32CubeIDE_1.17.0/STM32CubeIDE/plugins/com.st.stm32cube.ide.mcu.externaltools.gnu-tools-for-stm32.12.3.rel1.win32_1.1.0.202410251130/tools/bin/../lib/gcc/arm-none-eabi/12.3.1/../../../../arm-none-eabi/lib/thumb/v8-m.main+fp/hard\libc_nano.a(libc_a-gdtoa-gethex.o)
                0x0800d738                __gethex
 .text.L_shift  0x0800db54       0x24 C:/ST/STM32CubeIDE_1.17.0/STM32CubeIDE/plugins/com.st.stm32cube.ide.mcu.externaltools.gnu-tools-for-stm32.12.3.rel1.win32_1.1.0.202410251130/tools/bin/../lib/gcc/arm-none-eabi/12.3.1/../../../../arm-none-eabi/lib/thumb/v8-m.main+fp/hard\libc_nano.a(libc_a-gdtoa-hexnan.o)
 .text.__match  0x0800db78       0x28 C:/ST/STM32CubeIDE_1.17.0/STM32CubeIDE/plugins/com.st.stm32cube.ide.mcu.externaltools.gnu-tools-for-stm32.12.3.rel1.win32_1.1.0.202410251130/tools/bin/../lib/gcc/arm-none-eabi/12.3.1/../../../../arm-none-eabi/lib/thumb/v8-m.main+fp/hard\libc_nano.a(libc_a-gdtoa-hexnan.o)
                0x0800db78                __match
 .text.__hexnan
                0x0800dba0      0x136 C:/ST/STM32CubeIDE_1.17.0/STM32CubeIDE/plugins/com.st.stm32cube.ide.mcu.externaltools.gnu-tools-for-stm32.12.3.rel1.win32_1.1.0.202410251130/tools/bin/../lib/gcc/arm-none-eabi/12.3.1/../../../../arm-none-eabi/lib/thumb/v8-m.main+fp/hard\libc_nano.a(libc_a-gdtoa-hexnan.o)
                0x0800dba0                __hexnan
 .text.__ascii_mbtowc
                0x0800dcd6       0x24 C:/ST/STM32CubeIDE_1.17.0/STM32CubeIDE/plugins/com.st.stm32cube.ide.mcu.externaltools.gnu-tools-for-stm32.12.3.rel1.win32_1.1.0.202410251130/tools/bin/../lib/gcc/arm-none-eabi/12.3.1/../../../../arm-none-eabi/lib/thumb/v8-m.main+fp/hard\libc_nano.a(libc_a-mbtowc_r.o)
                0x0800dcd6                __ascii_mbtowc
 .text._realloc_r
                0x0800dcfa       0x5c C:/ST/STM32CubeIDE_1.17.0/STM32CubeIDE/plugins/com.st.stm32cube.ide.mcu.externaltools.gnu-tools-for-stm32.12.3.rel1.win32_1.1.0.202410251130/tools/bin/../lib/gcc/arm-none-eabi/12.3.1/../../../../arm-none-eabi/lib/thumb/v8-m.main+fp/hard\libc_nano.a(libc_a-reallocr.o)
                0x0800dcfa                _realloc_r
 .text.__ascii_wctomb
                0x0800dd56       0x1a C:/ST/STM32CubeIDE_1.17.0/STM32CubeIDE/plugins/com.st.stm32cube.ide.mcu.externaltools.gnu-tools-for-stm32.12.3.rel1.win32_1.1.0.202410251130/tools/bin/../lib/gcc/arm-none-eabi/12.3.1/../../../../arm-none-eabi/lib/thumb/v8-m.main+fp/hard\libc_nano.a(libc_a-wctomb_r.o)
                0x0800dd56                __ascii_wctomb
 .text.fprintf  0x0800dd70       0x24 C:/ST/STM32CubeIDE_1.17.0/STM32CubeIDE/plugins/com.st.stm32cube.ide.mcu.externaltools.gnu-tools-for-stm32.12.3.rel1.win32_1.1.0.202410251130/tools/bin/../lib/gcc/arm-none-eabi/12.3.1/../../../../arm-none-eabi/lib/thumb/v8-m.main+fp/hard\libc_nano.a(libc_a-fprintf.o)
                0x0800dd70                fiprintf
                0x0800dd70                fprintf
 .text.__swhatbuf_r
                0x0800dd94       0x4a C:/ST/STM32CubeIDE_1.17.0/STM32CubeIDE/plugins/com.st.stm32cube.ide.mcu.externaltools.gnu-tools-for-stm32.12.3.rel1.win32_1.1.0.202410251130/tools/bin/../lib/gcc/arm-none-eabi/12.3.1/../../../../arm-none-eabi/lib/thumb/v8-m.main+fp/hard\libc_nano.a(libc_a-makebuf.o)
                0x0800dd94                __swhatbuf_r
 .text.__smakebuf_r
                0x0800ddde       0x78 C:/ST/STM32CubeIDE_1.17.0/STM32CubeIDE/plugins/com.st.stm32cube.ide.mcu.externaltools.gnu-tools-for-stm32.12.3.rel1.win32_1.1.0.202410251130/tools/bin/../lib/gcc/arm-none-eabi/12.3.1/../../../../arm-none-eabi/lib/thumb/v8-m.main+fp/hard\libc_nano.a(libc_a-makebuf.o)
                0x0800ddde                __smakebuf_r
 *fill*         0x0800de56        0x2 
 .text._fstat_r
                0x0800de58       0x24 C:/ST/STM32CubeIDE_1.17.0/STM32CubeIDE/plugins/com.st.stm32cube.ide.mcu.externaltools.gnu-tools-for-stm32.12.3.rel1.win32_1.1.0.202410251130/tools/bin/../lib/gcc/arm-none-eabi/12.3.1/../../../../arm-none-eabi/lib/thumb/v8-m.main+fp/hard\libc_nano.a(libc_a-fstatr.o)
                0x0800de58                _fstat_r
 .text._isatty_r
                0x0800de7c       0x20 C:/ST/STM32CubeIDE_1.17.0/STM32CubeIDE/plugins/com.st.stm32cube.ide.mcu.externaltools.gnu-tools-for-stm32.12.3.rel1.win32_1.1.0.202410251130/tools/bin/../lib/gcc/arm-none-eabi/12.3.1/../../../../arm-none-eabi/lib/thumb/v8-m.main+fp/hard\libc_nano.a(libc_a-isattyr.o)
                0x0800de7c                _isatty_r
 .text.abort    0x0800de9c        0xe C:/ST/STM32CubeIDE_1.17.0/STM32CubeIDE/plugins/com.st.stm32cube.ide.mcu.externaltools.gnu-tools-for-stm32.12.3.rel1.win32_1.1.0.202410251130/tools/bin/../lib/gcc/arm-none-eabi/12.3.1/../../../../arm-none-eabi/lib/thumb/v8-m.main+fp/hard\libc_nano.a(libc_a-abort.o)
                0x0800de9c                abort
 .text._malloc_usable_size_r
                0x0800deaa       0x10 C:/ST/STM32CubeIDE_1.17.0/STM32CubeIDE/plugins/com.st.stm32cube.ide.mcu.externaltools.gnu-tools-for-stm32.12.3.rel1.win32_1.1.0.202410251130/tools/bin/../lib/gcc/arm-none-eabi/12.3.1/../../../../arm-none-eabi/lib/thumb/v8-m.main+fp/hard\libc_nano.a(libc_a-msizer.o)
                0x0800deaa                _malloc_usable_size_r
 .text._raise_r
                0x0800deba       0x50 C:/ST/STM32CubeIDE_1.17.0/STM32CubeIDE/plugins/com.st.stm32cube.ide.mcu.externaltools.gnu-tools-for-stm32.12.3.rel1.win32_1.1.0.202410251130/tools/bin/../lib/gcc/arm-none-eabi/12.3.1/../../../../arm-none-eabi/lib/thumb/v8-m.main+fp/hard\libc_nano.a(libc_a-signal.o)
                0x0800deba                _raise_r
 *fill*         0x0800df0a        0x2 
 .text.raise    0x0800df0c       0x10 C:/ST/STM32CubeIDE_1.17.0/STM32CubeIDE/plugins/com.st.stm32cube.ide.mcu.externaltools.gnu-tools-for-stm32.12.3.rel1.win32_1.1.0.202410251130/tools/bin/../lib/gcc/arm-none-eabi/12.3.1/../../../../arm-none-eabi/lib/thumb/v8-m.main+fp/hard\libc_nano.a(libc_a-signal.o)
                0x0800df0c                raise
 .text._kill_r  0x0800df1c       0x24 C:/ST/STM32CubeIDE_1.17.0/STM32CubeIDE/plugins/com.st.stm32cube.ide.mcu.externaltools.gnu-tools-for-stm32.12.3.rel1.win32_1.1.0.202410251130/tools/bin/../lib/gcc/arm-none-eabi/12.3.1/../../../../arm-none-eabi/lib/thumb/v8-m.main+fp/hard\libc_nano.a(libc_a-signalr.o)
                0x0800df1c                _kill_r
 .text._getpid_r
                0x0800df40        0x4 C:/ST/STM32CubeIDE_1.17.0/STM32CubeIDE/plugins/com.st.stm32cube.ide.mcu.externaltools.gnu-tools-for-stm32.12.3.rel1.win32_1.1.0.202410251130/tools/bin/../lib/gcc/arm-none-eabi/12.3.1/../../../../arm-none-eabi/lib/thumb/v8-m.main+fp/hard\libc_nano.a(libc_a-signalr.o)
                0x0800df40                _getpid_r
 *(.glue_7)
 .glue_7        0x0800df44        0x0 linker stubs
 *(.glue_7t)
 .glue_7t       0x0800df44        0x0 linker stubs
 *(.eh_frame)
 .eh_frame      0x0800df44        0x0 C:/ST/STM32CubeIDE_1.17.0/STM32CubeIDE/plugins/com.st.stm32cube.ide.mcu.externaltools.gnu-tools-for-stm32.12.3.rel1.win32_1.1.0.202410251130/tools/bin/../lib/gcc/arm-none-eabi/12.3.1/thumb/v8-m.main+fp/hard/crtbegin.o
 *(.init)
 .init          0x0800df44        0x4 C:/ST/STM32CubeIDE_1.17.0/STM32CubeIDE/plugins/com.st.stm32cube.ide.mcu.externaltools.gnu-tools-for-stm32.12.3.rel1.win32_1.1.0.202410251130/tools/bin/../lib/gcc/arm-none-eabi/12.3.1/thumb/v8-m.main+fp/hard/crti.o
                0x0800df44                _init
 .init          0x0800df48        0x8 C:/ST/STM32CubeIDE_1.17.0/STM32CubeIDE/plugins/com.st.stm32cube.ide.mcu.externaltools.gnu-tools-for-stm32.12.3.rel1.win32_1.1.0.202410251130/tools/bin/../lib/gcc/arm-none-eabi/12.3.1/thumb/v8-m.main+fp/hard/crtn.o
 *(.fini)
 .fini          0x0800df50        0x4 C:/ST/STM32CubeIDE_1.17.0/STM32CubeIDE/plugins/com.st.stm32cube.ide.mcu.externaltools.gnu-tools-for-stm32.12.3.rel1.win32_1.1.0.202410251130/tools/bin/../lib/gcc/arm-none-eabi/12.3.1/thumb/v8-m.main+fp/hard/crti.o
                0x0800df50                _fini
 .fini          0x0800df54        0x8 C:/ST/STM32CubeIDE_1.17.0/STM32CubeIDE/plugins/com.st.stm32cube.ide.mcu.externaltools.gnu-tools-for-stm32.12.3.rel1.win32_1.1.0.202410251130/tools/bin/../lib/gcc/arm-none-eabi/12.3.1/thumb/v8-m.main+fp/hard/crtn.o
                0x0800df5c                        _etext = .

.vfp11_veneer   0x0800df5c        0x0
 .vfp11_veneer  0x0800df5c        0x0 linker stubs

.v4_bx          0x0800df5c        0x0
 .v4_bx         0x0800df5c        0x0 linker stubs

.iplt           0x0800df5c        0x0
 .iplt          0x0800df5c        0x0 C:/ST/STM32CubeIDE_1.17.0/STM32CubeIDE/plugins/com.st.stm32cube.ide.mcu.externaltools.gnu-tools-for-stm32.12.3.rel1.win32_1.1.0.202410251130/tools/bin/../lib/gcc/arm-none-eabi/12.3.1/thumb/v8-m.main+fp/hard/crtbegin.o

.rodata         0x0800df60      0x576
 *(.rodata)
 .rodata        0x0800df60       0x57 ./Core/Src/main.o
 *(.rodata*)
 *fill*         0x0800dfb7        0x1 
 .rodata.AHBPrescTable
                0x0800dfb8       0x10 ./Core/Src/system_stm32u5xx.o
                0x0800dfb8                AHBPrescTable
 .rodata.APBPrescTable
                0x0800dfc8        0x8 ./Core/Src/system_stm32u5xx.o
                0x0800dfc8                APBPrescTable
 .rodata.MSIRangeTable
                0x0800dfd0       0x40 ./Core/Src/system_stm32u5xx.o
                0x0800dfd0                MSIRangeTable
 .rodata.LPGPIO_Map
                0x0800e010       0x80 ./Drivers/STM32U5xx_HAL_Driver/Src/stm32u5xx_hal_gpio.o
 .rodata.UARTPrescTable
                0x0800e090       0x18 ./Drivers/STM32U5xx_HAL_Driver/Src/stm32u5xx_hal_uart.o
                0x0800e090                UARTPrescTable
 .rodata._printf_float.str1.1
                0x0800e0a8       0x12 C:/ST/STM32CubeIDE_1.17.0/STM32CubeIDE/plugins/com.st.stm32cube.ide.mcu.externaltools.gnu-tools-for-stm32.12.3.rel1.win32_1.1.0.202410251130/tools/bin/../lib/gcc/arm-none-eabi/12.3.1/../../../../arm-none-eabi/lib/thumb/v8-m.main+fp/hard\libc_nano.a(libc_a-nano-vfprintf_float.o)
 .rodata._printf_i.str1.1
                0x0800e0ba       0x22 C:/ST/STM32CubeIDE_1.17.0/STM32CubeIDE/plugins/com.st.stm32cube.ide.mcu.externaltools.gnu-tools-for-stm32.12.3.rel1.win32_1.1.0.202410251130/tools/bin/../lib/gcc/arm-none-eabi/12.3.1/../../../../arm-none-eabi/lib/thumb/v8-m.main+fp/hard\libc_nano.a(libc_a-nano-vfprintf_i.o)
 .rodata._scanf_float.str1.1
                0x0800e0dc        0x5 C:/ST/STM32CubeIDE_1.17.0/STM32CubeIDE/plugins/com.st.stm32cube.ide.mcu.externaltools.gnu-tools-for-stm32.12.3.rel1.win32_1.1.0.202410251130/tools/bin/../lib/gcc/arm-none-eabi/12.3.1/../../../../arm-none-eabi/lib/thumb/v8-m.main+fp/hard\libc_nano.a(libc_a-nano-vfscanf_float.o)
                                  0x6 (size before relaxing)
 .rodata._dtoa_r.str1.1
                0x0800e0e1       0x8d C:/ST/STM32CubeIDE_1.17.0/STM32CubeIDE/plugins/com.st.stm32cube.ide.mcu.externaltools.gnu-tools-for-stm32.12.3.rel1.win32_1.1.0.202410251130/tools/bin/../lib/gcc/arm-none-eabi/12.3.1/../../../../arm-none-eabi/lib/thumb/v8-m.main+fp/hard\libc_nano.a(libc_a-dtoa.o)
                                 0x8f (size before relaxing)
 .rodata._Balloc.str1.1
                0x0800e16e       0x59 C:/ST/STM32CubeIDE_1.17.0/STM32CubeIDE/plugins/com.st.stm32cube.ide.mcu.externaltools.gnu-tools-for-stm32.12.3.rel1.win32_1.1.0.202410251130/tools/bin/../lib/gcc/arm-none-eabi/12.3.1/../../../../arm-none-eabi/lib/thumb/v8-m.main+fp/hard\libc_nano.a(libc_a-mprec.o)
                                 0x70 (size before relaxing)
 .rodata.__multadd.str1.1
                0x0800e1c7       0x11 C:/ST/STM32CubeIDE_1.17.0/STM32CubeIDE/plugins/com.st.stm32cube.ide.mcu.externaltools.gnu-tools-for-stm32.12.3.rel1.win32_1.1.0.202410251130/tools/bin/../lib/gcc/arm-none-eabi/12.3.1/../../../../arm-none-eabi/lib/thumb/v8-m.main+fp/hard\libc_nano.a(libc_a-mprec.o)
 *fill*         0x0800e1c7        0x1 
 .rodata.p05.0  0x0800e1c8        0xc C:/ST/STM32CubeIDE_1.17.0/STM32CubeIDE/plugins/com.st.stm32cube.ide.mcu.externaltools.gnu-tools-for-stm32.12.3.rel1.win32_1.1.0.202410251130/tools/bin/../lib/gcc/arm-none-eabi/12.3.1/../../../../arm-none-eabi/lib/thumb/v8-m.main+fp/hard\libc_nano.a(libc_a-mprec.o)
 *fill*         0x0800e1d4        0x4 
 .rodata.__mprec_bigtens
                0x0800e1d8       0x28 C:/ST/STM32CubeIDE_1.17.0/STM32CubeIDE/plugins/com.st.stm32cube.ide.mcu.externaltools.gnu-tools-for-stm32.12.3.rel1.win32_1.1.0.202410251130/tools/bin/../lib/gcc/arm-none-eabi/12.3.1/../../../../arm-none-eabi/lib/thumb/v8-m.main+fp/hard\libc_nano.a(libc_a-mprec.o)
                0x0800e1d8                __mprec_bigtens
 .rodata.__mprec_tens
                0x0800e200       0xc8 C:/ST/STM32CubeIDE_1.17.0/STM32CubeIDE/plugins/com.st.stm32cube.ide.mcu.externaltools.gnu-tools-for-stm32.12.3.rel1.win32_1.1.0.202410251130/tools/bin/../lib/gcc/arm-none-eabi/12.3.1/../../../../arm-none-eabi/lib/thumb/v8-m.main+fp/hard\libc_nano.a(libc_a-mprec.o)
                0x0800e200                __mprec_tens
 .rodata._strtod_l.str1.1
                0x0800e2c8        0x2 C:/ST/STM32CubeIDE_1.17.0/STM32CubeIDE/plugins/com.st.stm32cube.ide.mcu.externaltools.gnu-tools-for-stm32.12.3.rel1.win32_1.1.0.202410251130/tools/bin/../lib/gcc/arm-none-eabi/12.3.1/../../../../arm-none-eabi/lib/thumb/v8-m.main+fp/hard\libc_nano.a(libc_a-strtod.o)
                                  0xf (size before relaxing)
 *fill*         0x0800e2ca        0x2 
 .rodata.fpinan.0
                0x0800e2cc       0x14 C:/ST/STM32CubeIDE_1.17.0/STM32CubeIDE/plugins/com.st.stm32cube.ide.mcu.externaltools.gnu-tools-for-stm32.12.3.rel1.win32_1.1.0.202410251130/tools/bin/../lib/gcc/arm-none-eabi/12.3.1/../../../../arm-none-eabi/lib/thumb/v8-m.main+fp/hard\libc_nano.a(libc_a-strtod.o)
 .rodata.fpi.1  0x0800e2e0       0x14 C:/ST/STM32CubeIDE_1.17.0/STM32CubeIDE/plugins/com.st.stm32cube.ide.mcu.externaltools.gnu-tools-for-stm32.12.3.rel1.win32_1.1.0.202410251130/tools/bin/../lib/gcc/arm-none-eabi/12.3.1/../../../../arm-none-eabi/lib/thumb/v8-m.main+fp/hard\libc_nano.a(libc_a-strtod.o)
 *fill*         0x0800e2f4        0x4 
 .rodata.tinytens
                0x0800e2f8       0x28 C:/ST/STM32CubeIDE_1.17.0/STM32CubeIDE/plugins/com.st.stm32cube.ide.mcu.externaltools.gnu-tools-for-stm32.12.3.rel1.win32_1.1.0.202410251130/tools/bin/../lib/gcc/arm-none-eabi/12.3.1/../../../../arm-none-eabi/lib/thumb/v8-m.main+fp/hard\libc_nano.a(libc_a-strtod.o)
 .rodata._ctype_
                0x0800e320      0x101 C:/ST/STM32CubeIDE_1.17.0/STM32CubeIDE/plugins/com.st.stm32cube.ide.mcu.externaltools.gnu-tools-for-stm32.12.3.rel1.win32_1.1.0.202410251130/tools/bin/../lib/gcc/arm-none-eabi/12.3.1/../../../../arm-none-eabi/lib/thumb/v8-m.main+fp/hard\libc_nano.a(libc_a-ctype_.o)
                0x0800e320                _ctype_
 .rodata._svfprintf_r.str1.1
                0x0800e421       0x11 C:/ST/STM32CubeIDE_1.17.0/STM32CubeIDE/plugins/com.st.stm32cube.ide.mcu.externaltools.gnu-tools-for-stm32.12.3.rel1.win32_1.1.0.202410251130/tools/bin/../lib/gcc/arm-none-eabi/12.3.1/../../../../arm-none-eabi/lib/thumb/v8-m.main+fp/hard\libc_nano.a(libc_a-nano-svfprintf.o)
 .rodata._vfprintf_r.str1.1
                0x0800e432       0x11 C:/ST/STM32CubeIDE_1.17.0/STM32CubeIDE/plugins/com.st.stm32cube.ide.mcu.externaltools.gnu-tools-for-stm32.12.3.rel1.win32_1.1.0.202410251130/tools/bin/../lib/gcc/arm-none-eabi/12.3.1/../../../../arm-none-eabi/lib/thumb/v8-m.main+fp/hard\libc_nano.a(libc_a-nano-vfprintf.o)
 .rodata._setlocale_r.str1.1
                0x0800e432        0x8 C:/ST/STM32CubeIDE_1.17.0/STM32CubeIDE/plugins/com.st.stm32cube.ide.mcu.externaltools.gnu-tools-for-stm32.12.3.rel1.win32_1.1.0.202410251130/tools/bin/../lib/gcc/arm-none-eabi/12.3.1/../../../../arm-none-eabi/lib/thumb/v8-m.main+fp/hard\libc_nano.a(libc_a-locale.o)
                                  0x9 (size before relaxing)
 .rodata.str1.1
                0x0800e43a        0x2 C:/ST/STM32CubeIDE_1.17.0/STM32CubeIDE/plugins/com.st.stm32cube.ide.mcu.externaltools.gnu-tools-for-stm32.12.3.rel1.win32_1.1.0.202410251130/tools/bin/../lib/gcc/arm-none-eabi/12.3.1/../../../../arm-none-eabi/lib/thumb/v8-m.main+fp/hard\libc_nano.a(libc_a-locale.o)
 .rodata.__assert_func.str1.1
                0x0800e43a       0x3c C:/ST/STM32CubeIDE_1.17.0/STM32CubeIDE/plugins/com.st.stm32cube.ide.mcu.externaltools.gnu-tools-for-stm32.12.3.rel1.win32_1.1.0.202410251130/tools/bin/../lib/gcc/arm-none-eabi/12.3.1/../../../../arm-none-eabi/lib/thumb/v8-m.main+fp/hard\libc_nano.a(libc_a-assert.o)
                                 0x3d (size before relaxing)
 .rodata.__gethex.str1.1
                0x0800e476       0x60 C:/ST/STM32CubeIDE_1.17.0/STM32CubeIDE/plugins/com.st.stm32cube.ide.mcu.externaltools.gnu-tools-for-stm32.12.3.rel1.win32_1.1.0.202410251130/tools/bin/../lib/gcc/arm-none-eabi/12.3.1/../../../../arm-none-eabi/lib/thumb/v8-m.main+fp/hard\libc_nano.a(libc_a-gdtoa-gethex.o)
                                 0x73 (size before relaxing)

.ARM.extab
 *(.ARM.extab* .gnu.linkonce.armextab.*)

.ARM            0x0800e4d8        0x8
                0x0800e4d8                        __exidx_start = .
 *(.ARM.exidx*)
 .ARM.exidx     0x0800e4d8        0x8 C:/ST/STM32CubeIDE_1.17.0/STM32CubeIDE/plugins/com.st.stm32cube.ide.mcu.externaltools.gnu-tools-for-stm32.12.3.rel1.win32_1.1.0.202410251130/tools/bin/../lib/gcc/arm-none-eabi/12.3.1/../../../../arm-none-eabi/lib/thumb/v8-m.main+fp/hard\libc_nano.a(libc_a-strlen.o)
 .ARM.exidx     0x0800e4e0        0x0 C:/ST/STM32CubeIDE_1.17.0/STM32CubeIDE/plugins/com.st.stm32cube.ide.mcu.externaltools.gnu-tools-for-stm32.12.3.rel1.win32_1.1.0.202410251130/tools/bin/../lib/gcc/arm-none-eabi/12.3.1/thumb/v8-m.main+fp/hard\libgcc.a(_udivmoddi4.o)
                                  0x8 (size before relaxing)
                0x0800e4e0                        __exidx_end = .

.preinit_array  0x0800e4e0        0x0
                0x0800e4e0                        PROVIDE (__preinit_array_start = .)
 *(.preinit_array*)
                0x0800e4e0                        PROVIDE (__preinit_array_end = .)

.init_array     0x0800e4e0        0x4
                0x0800e4e0                        PROVIDE (__init_array_start = .)
 *(SORT_BY_NAME(.init_array.*))
 *(.init_array*)
 .init_array    0x0800e4e0        0x4 C:/ST/STM32CubeIDE_1.17.0/STM32CubeIDE/plugins/com.st.stm32cube.ide.mcu.externaltools.gnu-tools-for-stm32.12.3.rel1.win32_1.1.0.202410251130/tools/bin/../lib/gcc/arm-none-eabi/12.3.1/thumb/v8-m.main+fp/hard/crtbegin.o
                0x0800e4e4                        PROVIDE (__init_array_end = .)

.fini_array     0x0800e4e4        0x4
                [!provide]                        PROVIDE (__fini_array_start = .)
 *(SORT_BY_NAME(.fini_array.*))
 *(.fini_array*)
 .fini_array    0x0800e4e4        0x4 C:/ST/STM32CubeIDE_1.17.0/STM32CubeIDE/plugins/com.st.stm32cube.ide.mcu.externaltools.gnu-tools-for-stm32.12.3.rel1.win32_1.1.0.202410251130/tools/bin/../lib/gcc/arm-none-eabi/12.3.1/thumb/v8-m.main+fp/hard/crtbegin.o
                [!provide]                        PROVIDE (__fini_array_end = .)
                0x0800e4e8                        _sidata = LOADADDR (.data)

.rel.dyn        0x0800e4e8        0x0
 .rel.iplt      0x0800e4e8        0x0 C:/ST/STM32CubeIDE_1.17.0/STM32CubeIDE/plugins/com.st.stm32cube.ide.mcu.externaltools.gnu-tools-for-stm32.12.3.rel1.win32_1.1.0.202410251130/tools/bin/../lib/gcc/arm-none-eabi/12.3.1/thumb/v8-m.main+fp/hard/crtbegin.o

.data           0x20000000      0x1d8 load address 0x0800e4e8
                0x20000000                        _sdata = .
 *(.data)
 *(.data*)
 .data.SystemCoreClock
                0x20000000        0x4 ./Core/Src/system_stm32u5xx.o
                0x20000000                SystemCoreClock
 .data.COM_USART
                0x20000004        0x4 ./Drivers/BSP/STM32U5xx_Nucleo/stm32u5xx_nucleo.o
                0x20000004                COM_USART
 .data.uwTickPrio
                0x20000008        0x4 ./Drivers/STM32U5xx_HAL_Driver/Src/stm32u5xx_hal.o
                0x20000008                uwTickPrio
 .data.uwTickFreq
                0x2000000c        0x1 ./Drivers/STM32U5xx_HAL_Driver/Src/stm32u5xx_hal.o
                0x2000000c                uwTickFreq
 *fill*         0x2000000d        0x3 
 .data.__sglue  0x20000010        0xc C:/ST/STM32CubeIDE_1.17.0/STM32CubeIDE/plugins/com.st.stm32cube.ide.mcu.externaltools.gnu-tools-for-stm32.12.3.rel1.win32_1.1.0.202410251130/tools/bin/../lib/gcc/arm-none-eabi/12.3.1/../../../../arm-none-eabi/lib/thumb/v8-m.main+fp/hard\libc_nano.a(libc_a-findfp.o)
                0x20000010                __sglue
 .data._impure_ptr
                0x2000001c        0x4 C:/ST/STM32CubeIDE_1.17.0/STM32CubeIDE/plugins/com.st.stm32cube.ide.mcu.externaltools.gnu-tools-for-stm32.12.3.rel1.win32_1.1.0.202410251130/tools/bin/../lib/gcc/arm-none-eabi/12.3.1/../../../../arm-none-eabi/lib/thumb/v8-m.main+fp/hard\libc_nano.a(libc_a-impure.o)
                0x2000001c                _impure_ptr
 .data._impure_data
                0x20000020       0x4c C:/ST/STM32CubeIDE_1.17.0/STM32CubeIDE/plugins/com.st.stm32cube.ide.mcu.externaltools.gnu-tools-for-stm32.12.3.rel1.win32_1.1.0.202410251130/tools/bin/../lib/gcc/arm-none-eabi/12.3.1/../../../../arm-none-eabi/lib/thumb/v8-m.main+fp/hard\libc_nano.a(libc_a-impure.o)
                0x20000020                _impure_data
 .data.__global_locale
                0x2000006c      0x16c C:/ST/STM32CubeIDE_1.17.0/STM32CubeIDE/plugins/com.st.stm32cube.ide.mcu.externaltools.gnu-tools-for-stm32.12.3.rel1.win32_1.1.0.202410251130/tools/bin/../lib/gcc/arm-none-eabi/12.3.1/../../../../arm-none-eabi/lib/thumb/v8-m.main+fp/hard\libc_nano.a(libc_a-locale.o)
                0x2000006c                __global_locale
 *(.RamFunc)
 *(.RamFunc*)
                0x200001d8                        _edata = .

.igot.plt       0x200001d8        0x0 load address 0x0800e6c0
 .igot.plt      0x200001d8        0x0 C:/ST/STM32CubeIDE_1.17.0/STM32CubeIDE/plugins/com.st.stm32cube.ide.mcu.externaltools.gnu-tools-for-stm32.12.3.rel1.win32_1.1.0.202410251130/tools/bin/../lib/gcc/arm-none-eabi/12.3.1/thumb/v8-m.main+fp/hard/crtbegin.o

.bss            0x200001d8      0x364 load address 0x0800e6c0
                0x200001d8                        _sbss = .
                0x200001d8                        __bss_start__ = _sbss
 *(.bss)
 .bss           0x200001d8       0x1c C:/ST/STM32CubeIDE_1.17.0/STM32CubeIDE/plugins/com.st.stm32cube.ide.mcu.externaltools.gnu-tools-for-stm32.12.3.rel1.win32_1.1.0.202410251130/tools/bin/../lib/gcc/arm-none-eabi/12.3.1/thumb/v8-m.main+fp/hard/crtbegin.o
 *(.bss*)
 .bss.BspCOMInit
                0x200001f4       0x10 ./Core/Src/main.o
                0x200001f4                BspCOMInit
 .bss.htim1     0x20000204       0x4c ./Core/Src/main.o
                0x20000204                htim1
 .bss.htim2     0x20000250       0x4c ./Core/Src/main.o
                0x20000250                htim2
 .bss.Node_GPDMA1_Channel0
                0x2000029c       0x24 ./Core/Src/main.o
                0x2000029c                Node_GPDMA1_Channel0
 .bss.List_GPDMA1_Channel0