../Core/Src/main.c:103:5:main	136	static
../Core/Src/main.c:249:6:SystemClock_Config	128	static
../Core/Src/main.c:302:13:SystemPower_Config	8	static
../Core/Src/main.c:321:13:MX_GPDMA1_Init	16	static
../Core/Src/main.c:359:13:MX_ICACHE_Init	8	static
../Core/Src/main.c:391:13:MX_TIM1_Init	120	static
../Core/Src/main.c:473:13:MX_TIM2_Init	72	static
../Core/Src/main.c:540:13:MX_TIM3_Init	72	static
../Core/Src/main.c:607:13:MX_TIM4_Init	72	static
../Core/Src/main.c:674:13:MX_TIM5_Init	72	static
../Core/Src/main.c:741:13:MX_TIM8_Init	72	static
../Core/Src/main.c:810:13:MX_TIM15_Init	72	static
../Core/Src/main.c:878:13:MX_GPIO_Init	24	static
../Core/Src/main.c:900:6:Error_Handler	4	static,ignoring_inline_asm
